<data><row><x>-10.0</x><y>-1.4994781540040718</y></row><row><x>-9.99</x><y>-1.4976140028909772</y></row><row><x>-9.98</x><y>-1.4957000141369299</y></row><row><x>-9.97</x><y>-1.4937346972207919</y></row><row><x>-9.96</x><y>-1.4917164811154853</y></row><row><x>-9.950000000000001</x><y>-1.4896437083934593</y></row><row><x>-9.940000000000001</x><y>-1.4875146287774161</y></row><row><x>-9.930000000000001</x><y>-1.4853273920722887</y></row><row><x>-9.920000000000002</x><y>-1.4830800404055446</y></row><row><x>-9.910000000000002</x><y>-1.4807704996927111</y></row><row><x>-9.900000000000002</x><y>-1.4783965702330273</y></row><row><x>-9.890000000000002</x><y>-1.4759559163262534</y></row><row><x>-9.880000000000003</x><y>-1.473446054785282</y></row><row><x>-9.870000000000003</x><y>-1.4708643422000676</y></row><row><x>-9.860000000000003</x><y>-1.4682079607857241</y></row><row><x>-9.850000000000003</x><y>-1.4654739026208838</y></row><row><x>-9.840000000000003</x><y>-1.462658952050603</y></row><row><x>-9.830000000000004</x><y>-1.4597596659901755</y></row><row><x>-9.820000000000004</x><y>-1.4567723518208382</y></row><row><x>-9.810000000000004</x><y>-1.4536930425137167</y></row><row><x>-9.800000000000004</x><y>-1.4505174685525044</y></row><row><x>-9.790000000000004</x><y>-1.4472410261454058</y></row><row><x>-9.780000000000005</x><y>-1.44385874111933</y></row><row><x>-9.770000000000005</x><y>-1.4403652277700014</y></row><row><x>-9.760000000000005</x><y>-1.4367546417943582</y></row><row><x>-9.750000000000005</x><y>-1.433020626249454</y></row><row><x>-9.740000000000006</x><y>-1.4291562492546996</y></row><row><x>-9.730000000000006</x><y>-1.4251539318693465</y></row><row><x>-9.720000000000006</x><y>-1.4210053642170735</y></row><row><x>-9.710000000000006</x><y>-1.416701407471708</y></row><row><x>-9.700000000000006</x><y>-1.4122319787313458</y></row><row><x>-9.690000000000007</x><y>-1.4075859150499255</y></row><row><x>-9.680000000000007</x><y>-1.4027508119072971</y></row><row><x>-9.670000000000007</x><y>-1.397712830099064</y></row><row><x>-9.660000000000007</x><y>-1.392456463300834</y></row><row><x>-9.650000000000007</x><y>-1.3869642562429072</y></row><row><x>-9.640000000000008</x><y>-1.3812164602819588</y></row><row><x>-9.630000000000008</x><y>-1.3751906088244015</y></row><row><x>-9.620000000000008</x><y>-1.3688609890166248</y></row><row><x>-9.610000000000008</x><y>-1.3621979775719486</y></row><row><x>-9.600000000000009</x><y>-1.35516719631603</y></row><row><x>-9.590000000000009</x><y>-1.347728425045853</y></row><row><x>-9.580000000000009</x><y>-1.3398341824484312</y></row><row><x>-9.57000000000001</x><y>-1.3314278448646026</y></row><row><x>-9.56000000000001</x><y>-1.3224411086552084</y></row><row><x>-9.55000000000001</x><y>-1.3127904990639527</y></row><row><x>-9.54000000000001</x><y>-1.3023724580117726</y></row><row><x>-9.53000000000001</x><y>-1.2910562505744483</y></row><row><x>-9.52000000000001</x><y>-1.2786734063010927</y></row><row><x>-9.51000000000001</x><y>-1.2650014287604923</y></row><row><x>-9.50000000000001</x><y>-1.249737553722448</y></row><row><x>-9.49000000000001</x><y>-1.2324541777721267</y></row><row><x>-9.480000000000011</x><y>-1.212517932421312</y></row><row><x>-9.470000000000011</x><y>-1.1889294133955164</y></row><row><x>-9.460000000000012</x><y>-1.1599658044865084</y></row><row><x>-9.450000000000012</x><y>-1.1222328711449976</y></row><row><x>-9.440000000000012</x><y>-1.0673135610763225</y></row><row><x>-9.430000000000012</x><y>-0.9593279202336285</y></row><row><x>-9.420000000000012</x><y>-0.9511394743238618</y></row><row><x>-9.410000000000013</x><y>-1.0651648476684425</y></row><row><x>-9.400000000000013</x><y>-1.1220078782936196</y></row><row><x>-9.390000000000013</x><y>-1.16105364579367</y></row><row><x>-9.380000000000013</x><y>-1.1911305960430032</y></row><row><x>-9.370000000000013</x><y>-1.215746864063167</y></row><row><x>-9.360000000000014</x><y>-1.2366689889810667</y></row><row><x>-9.350000000000014</x><y>-1.2549164851660521</y></row><row><x>-9.340000000000014</x><y>-1.271133096081726</y></row><row><x>-9.330000000000014</x><y>-1.2857522125467753</y></row><row><x>-9.320000000000014</x><y>-1.2990800091005688</y></row><row><x>-9.310000000000015</x><y>-1.3113410704880943</y></row><row><x>-9.300000000000015</x><y>-1.3227051791263702</y></row><row><x>-9.290000000000015</x><y>-1.3333039060513967</y></row><row><x>-9.280000000000015</x><y>-1.343241343665147</y></row><row><x>-9.270000000000016</x><y>-1.3526013043523244</y></row><row><x>-9.260000000000016</x><y>-1.361452298360244</y></row><row><x>-9.250000000000016</x><y>-1.3698510671798696</y></row><row><x>-9.240000000000016</x><y>-1.3778451490248638</y></row><row><x>-9.230000000000016</x><y>-1.3854747788071307</y></row><row><x>-9.220000000000017</x><y>-1.3927743200538758</y></row><row><x>-9.210000000000017</x><y>-1.3997733609730043</y></row><row><x>-9.200000000000017</x><y>-1.4064975651909808</y></row><row><x>-9.190000000000017</x><y>-1.412969340395644</y></row><row><x>-9.180000000000017</x><y>-1.4192083698520834</y></row><row><x>-9.170000000000018</x><y>-1.4252320392934024</y></row><row><x>-9.160000000000018</x><y>-1.4310557830262796</y></row><row><x>-9.150000000000018</x><y>-1.4366933669742714</y></row><row><x>-9.140000000000018</x><y>-1.4421571219974705</y></row><row><x>-9.130000000000019</x><y>-1.4474581376418048</y></row><row><x>-9.120000000000019</x><y>-1.4526064241276042</y></row><row><x>-9.110000000000019</x><y>-1.457611048642925</y></row><row><x>-9.10000000000002</x><y>-1.462480250694856</y></row><row><x>-9.09000000000002</x><y>-1.467221540275052</y></row><row><x>-9.08000000000002</x><y>-1.4718417818310312</y></row><row><x>-9.07000000000002</x><y>-1.4763472664432862</y></row><row><x>-9.06000000000002</x><y>-1.4807437741468796</y></row><row><x>-9.05000000000002</x><y>-1.4850366279736402</y></row><row><x>-9.04000000000002</x><y>-1.4892307410040904</y></row><row><x>-9.03000000000002</x><y>-1.493330657489548</y></row><row><x>-9.020000000000021</x><y>-1.497340588921439</y></row><row><x>-9.010000000000021</x><y>-1.5012644457768651</y></row><row><x>-9.000000000000021</x><y>-1.505105865549404</y></row><row><x>-8.990000000000022</x><y>-1.508868237576169</y></row><row><x>-8.980000000000022</x><y>-1.5125547250918068</y></row><row><x>-8.970000000000022</x><y>-1.5161682848739155</y></row><row><x>-8.960000000000022</x><y>-1.5197116847895806</y></row><row><x>-8.950000000000022</x><y>-1.5231875195071394</y></row><row><x>-8.940000000000023</x><y>-1.5265982245992489</y></row><row><x>-8.930000000000023</x><y>-1.529946089231409</y></row><row><x>-8.920000000000023</x><y>-1.5332332676032334</y></row><row><x>-8.910000000000023</x><y>-1.5364617892871257</y></row><row><x>-8.900000000000023</x><y>-1.539633568589717</y></row><row><x>-8.890000000000024</x><y>-1.542750413045118</y></row><row><x>-8.880000000000024</x><y>-1.545814031135027</y></row><row><x>-8.870000000000024</x><y>-1.5488260393188562</y></row><row><x>-8.860000000000024</x><y>-1.5517879684466915</y></row><row><x>-8.850000000000025</x><y>-1.5547012696191123</y></row><row><x>-8.840000000000025</x><y>-1.5575673195502764</y></row><row><x>-8.830000000000025</x><y>-1.560387425484033</y></row><row><x>-8.820000000000025</x><y>-1.5631628297070985</y></row><row><x>-8.810000000000025</x><y>-1.5658947136983692</y></row><row><x>-8.800000000000026</x><y>-1.5685842019490468</y></row><row><x>-8.790000000000026</x><y>-1.5712323654844744</y></row><row><x>-8.780000000000026</x><y>-1.5738402251152293</y></row><row><x>-8.770000000000026</x><y>-1.5764087544420984</y></row><row><x>-8.760000000000026</x><y>-1.5789388826369783</y></row><row><x>-8.750000000000027</x><y>-1.5814314970194596</y></row><row><x>-8.740000000000027</x><y>-1.583887445446866</y></row><row><x>-8.730000000000027</x><y>-1.5863075385337102</y></row><row><x>-8.720000000000027</x><y>-1.5886925517149706</y></row><row><x>-8.710000000000027</x><y>-1.5910432271662196</y></row><row><x>-8.700000000000028</x><y>-1.593360275592278</y></row><row><x>-8.690000000000028</x><y>-1.5956443778951221</y></row><row><x>-8.680000000000028</x><y>-1.597896186730616</y></row><row><x>-8.670000000000028</x><y>-1.600116327962853</y></row><row><x>-8.660000000000029</x><y>-1.6023054020240588</y></row><row><x>-8.650000000000029</x><y>-1.6044639851873166</y></row><row><x>-8.640000000000029</x><y>-1.6065926307586675</y></row><row><x>-8.63000000000003</x><y>-1.6086918701946535</y></row><row><x>-8.62000000000003</x><y>-1.6107622141507993</y></row><row><x>-8.61000000000003</x><y>-1.612804153466032</y></row><row><x>-8.60000000000003</x><y>-1.6148181600876967</y></row><row><x>-8.59000000000003</x><y>-1.6168046879413263</y></row><row><x>-8.58000000000003</x><y>-1.6187641737491292</y></row><row><x>-8.57000000000003</x><y>-1.6206970378006484</y></row><row><x>-8.56000000000003</x><y>-1.6226036846789726</y></row><row><x>-8.550000000000031</x><y>-1.6244845039454239</y></row><row><x>-8.540000000000031</x><y>-1.6263398707855508</y></row><row><x>-8.530000000000031</x><y>-1.6281701466189762</y></row><row><x>-8.520000000000032</x><y>-1.6299756796754452</y></row><row><x>-8.510000000000032</x><y>-1.6317568055392748</y></row><row><x>-8.500000000000032</x><y>-1.6335138476642272</y></row><row><x>-8.490000000000032</x><y>-1.6352471178606485</y></row><row><x>-8.480000000000032</x><y>-1.6369569167566371</y></row><row><x>-8.470000000000033</x><y>-1.6386435342348225</y></row><row><x>-8.460000000000033</x><y>-1.6403072498462452</y></row><row><x>-8.450000000000033</x><y>-1.6419483332027363</y></row><row><x>-8.440000000000033</x><y>-1.6435670443490573</y></row><row><x>-8.430000000000033</x><y>-1.6451636341160172</y></row><row><x>-8.420000000000034</x><y>-1.6467383444556443</y></row><row><x>-8.410000000000034</x><y>-1.6482914087594964</y></row><row><x>-8.400000000000034</x><y>-1.64982305216102</y></row><row><x>-8.390000000000034</x><y>-1.651333491822891</y></row><row><x>-8.380000000000035</x><y>-1.652822937210171</y></row><row><x>-8.370000000000035</x><y>-1.6542915903500468</y></row><row><x>-8.360000000000035</x><y>-1.6557396460789005</y></row><row><x>-8.350000000000035</x><y>-1.657167292277375</y></row><row><x>-8.340000000000035</x><y>-1.6585747100941004</y></row><row><x>-8.330000000000036</x><y>-1.6599620741586525</y></row><row><x>-8.320000000000036</x><y>-1.6613295527843173</y></row><row><x>-8.310000000000036</x><y>-1.6626773081611774</y></row><row><x>-8.300000000000036</x><y>-1.6640054965400262</y></row><row><x>-8.290000000000036</x><y>-1.66531426840754</y></row><row><x>-8.280000000000037</x><y>-1.6666037686531925</y></row><row><x>-8.270000000000037</x><y>-1.6678741367282375</y></row><row><x>-8.260000000000037</x><y>-1.669125506797231</y></row><row><x>-8.250000000000037</x><y>-1.6703580078823799</y></row><row><x>-8.240000000000038</x><y>-1.6715717640010739</y></row><row><x>-8.230000000000038</x><y>-1.672766894296934</y></row><row><x>-8.220000000000038</x><y>-1.6739435131646512</y></row><row><x>-8.210000000000038</x><y>-1.6751017303688935</y></row><row><x>-8.200000000000038</x><y>-1.6762416511575597</y></row><row><x>-8.190000000000039</x><y>-1.6773633763696185</y></row><row><x>-8.180000000000039</x><y>-1.6784670025377357</y></row><row><x>-8.170000000000039</x><y>-1.6795526219859735</y></row><row><x>-8.16000000000004</x><y>-1.680620322922695</y></row><row><x>-8.15000000000004</x><y>-1.681670189528897</y></row><row><x>-8.14000000000004</x><y>-1.682702302042175</y></row><row><x>-8.13000000000004</x><y>-1.683716736836439</y></row><row><x>-8.12000000000004</x><y>-1.684713566497589</y></row><row><x>-8.11000000000004</x><y>-1.6856928598952703</y></row><row><x>-8.10000000000004</x><y>-1.6866546822508486</y></row><row><x>-8.09000000000004</x><y>-1.6875990952017772</y></row><row><x>-8.080000000000041</x><y>-1.6885261568624097</y></row><row><x>-8.070000000000041</x><y>-1.6894359218814563</y></row><row><x>-8.060000000000041</x><y>-1.6903284414961153</y></row><row><x>-8.050000000000042</x><y>-1.6912037635830504</y></row><row><x>-8.040000000000042</x><y>-1.6920619327062543</y></row><row><x>-8.030000000000042</x><y>-1.6929029901619255</y></row><row><x>-8.020000000000042</x><y>-1.6937269740204153</y></row><row><x>-8.010000000000042</x><y>-1.6945339191653468</y></row><row><x>-8.000000000000043</x><y>-1.6953238573299496</y></row><row><x>-7.990000000000043</x><y>-1.6960968171307047</y></row><row><x>-7.980000000000043</x><y>-1.6968528240983387</y></row><row><x>-7.970000000000043</x><y>-1.6975919007062352</y></row><row><x>-7.9600000000000435</x><y>-1.6983140663963154</y></row><row><x>-7.950000000000044</x><y>-1.6990193376024258</y></row><row><x>-7.940000000000044</x><y>-1.6997077277712842</y></row><row><x>-7.930000000000044</x><y>-1.7003792473810186</y></row><row><x>-7.920000000000044</x><y>-1.7010339039573312</y></row><row><x>-7.9100000000000446</x><y>-1.7016717020873273</y></row><row><x>-7.900000000000045</x><y>-1.702292643431014</y></row><row><x>-7.890000000000045</x><y>-1.7028967267305177</y></row><row><x>-7.880000000000045</x><y>-1.7034839478170118</y></row><row><x>-7.870000000000045</x><y>-1.7040542996153862</y></row><row><x>-7.860000000000046</x><y>-1.704607772146671</y></row><row><x>-7.850000000000046</x><y>-1.7051443525281953</y></row><row><x>-7.840000000000046</x><y>-1.7056640249715276</y></row><row><x>-7.830000000000046</x><y>-1.7061667707781454</y></row><row><x>-7.8200000000000465</x><y>-1.7066525683328773</y></row><row><x>-7.810000000000047</x><y>-1.7071213930950782</y></row><row><x>-7.800000000000047</x><y>-1.7075732175875329</y></row><row><x>-7.790000000000047</x><y>-1.7080080113830778</y></row><row><x>-7.780000000000047</x><y>-1.7084257410889279</y></row><row><x>-7.7700000000000475</x><y>-1.7088263703286557</y></row><row><x>-7.760000000000048</x><y>-1.709209859721828</y></row><row><x>-7.750000000000048</x><y>-1.7095761668612606</y></row><row><x>-7.740000000000048</x><y>-1.709925246287833</y></row><row><x>-7.730000000000048</x><y>-1.7102570494628615</y></row><row><x>-7.720000000000049</x><y>-1.7105715247379534</y></row><row><x>-7.710000000000049</x><y>-1.7108686173223056</y></row><row><x>-7.700000000000049</x><y>-1.7111482692474154</y></row><row><x>-7.690000000000049</x><y>-1.7114104193290907</y></row><row><x>-7.6800000000000495</x><y>-1.7116550031267783</y></row><row><x>-7.67000000000005</x><y>-1.7118819529000522</y></row><row><x>-7.66000000000005</x><y>-1.7120911975622712</y></row><row><x>-7.65000000000005</x><y>-1.7122826626312655</y></row><row><x>-7.64000000000005</x><y>-1.712456270177005</y></row><row><x>-7.6300000000000505</x><y>-1.712611938766142</y></row><row><x>-7.620000000000051</x><y>-1.7127495834033395</y></row><row><x>-7.610000000000051</x><y>-1.7128691154692877</y></row><row><x>-7.600000000000051</x><y>-1.7129704426552645</y></row><row><x>-7.590000000000051</x><y>-1.7130534688941927</y></row><row><x>-7.580000000000052</x><y>-1.7131180942879816</y></row><row><x>-7.570000000000052</x><y>-1.7131642150310917</y></row><row><x>-7.560000000000052</x><y>-1.713191723330158</y></row><row><x>-7.550000000000052</x><y>-1.7132005073194947</y></row><row><x>-7.540000000000052</x><y>-1.713190450972369</y></row><row><x>-7.530000000000053</x><y>-1.7131614340078418</y></row><row><x>-7.520000000000053</x><y>-1.713113331793013</y></row><row><x>-7.510000000000053</x><y>-1.71304601524045</y></row><row><x>-7.500000000000053</x><y>-1.7129593507006584</y></row><row><x>-7.4900000000000535</x><y>-1.7128531998493062</y></row><row><x>-7.480000000000054</x><y>-1.7127274195690185</y></row><row><x>-7.470000000000054</x><y>-1.7125818618254967</y></row><row><x>-7.460000000000054</x><y>-1.7124163735376778</y></row><row><x>-7.450000000000054</x><y>-1.7122307964416985</y></row><row><x>-7.440000000000055</x><y>-1.7120249669483416</y></row><row><x>-7.430000000000055</x><y>-1.7117987159936576</y></row><row><x>-7.420000000000055</x><y>-1.7115518688824503</y></row><row><x>-7.410000000000055</x><y>-1.711284245124272</y></row><row><x>-7.400000000000055</x><y>-1.7109956582615382</y></row><row><x>-7.390000000000056</x><y>-1.7106859156893839</y></row><row><x>-7.380000000000056</x><y>-1.7103548184668351</y></row><row><x>-7.370000000000056</x><y>-1.7100021611188452</y></row><row><x>-7.360000000000056</x><y>-1.7096277314287225</y></row><row><x>-7.3500000000000565</x><y>-1.709231310220428</y></row><row><x>-7.340000000000057</x><y>-1.7088126711302165</y></row><row><x>-7.330000000000057</x><y>-1.7083715803670363</y></row><row><x>-7.320000000000057</x><y>-1.7079077964610458</y></row><row><x>-7.310000000000057</x><y>-1.707421069999639</y></row><row><x>-7.3000000000000576</x><y>-1.7069111433502115</y></row><row><x>-7.290000000000058</x><y>-1.7063777503689725</y></row><row><x>-7.280000000000058</x><y>-1.7058206160949394</y></row><row><x>-7.270000000000058</x><y>-1.7052394564283089</y></row><row><x>-7.260000000000058</x><y>-1.7046339777922346</y></row><row><x>-7.250000000000059</x><y>-1.7040038767770407</y></row><row><x>-7.240000000000059</x><y>-1.7033488397658196</y></row><row><x>-7.230000000000059</x><y>-1.7026685425402506</y></row><row><x>-7.220000000000059</x><y>-1.7019626498654297</y></row><row><x>-7.2100000000000595</x><y>-1.7012308150524118</y></row><row><x>-7.20000000000006</x><y>-1.7004726794970209</y></row><row><x>-7.19000000000006</x><y>-1.6996878721934354</y></row><row><x>-7.18000000000006</x><y>-1.6988760092208963</y></row><row><x>-7.17000000000006</x><y>-1.6980366932017907</y></row><row><x>-7.1600000000000605</x><y>-1.697169512729196</y></row><row><x>-7.150000000000061</x><y>-1.696274041761831</y></row><row><x>-7.140000000000061</x><y>-1.695349838984211</y></row><row><x>-7.130000000000061</x><y>-1.6943964471296107</y></row><row><x>-7.120000000000061</x><y>-1.6934133922632195</y></row><row><x>-7.110000000000062</x><y>-1.6924001830227045</y></row><row><x>-7.100000000000062</x><y>-1.6913563098131348</y></row><row><x>-7.090000000000062</x><y>-1.6902812439529564</y></row><row><x>-7.080000000000062</x><y>-1.6891744367674213</y></row><row><x>-7.0700000000000625</x><y>-1.6880353186256112</y></row><row><x>-7.060000000000063</x><y>-1.6868632979167524</y></row><row><x>-7.050000000000063</x><y>-1.685657759961267</y></row><row><x>-7.040000000000063</x><y>-1.684418065851448</y></row><row><x>-7.030000000000063</x><y>-1.683143551216326</y></row><row><x>-7.0200000000000635</x><y>-1.6818335249046414</y></row><row><x>-7.010000000000064</x><y>-1.6804872675793951</y></row><row><x>-7.000000000000064</x><y>-1.6791040302167444</y></row><row><x>-6.990000000000064</x><y>-1.677683032501323</y></row><row><x>-6.980000000000064</x><y>-1.676223461109326</y></row><row><x>-6.970000000000065</x><y>-1.6747244678697648</y></row><row><x>-6.960000000000065</x><y>-1.6731851677934215</y></row><row><x>-6.950000000000065</x><y>-1.6716046369578748</y></row><row><x>-6.940000000000065</x><y>-1.6699819102357742</y></row><row><x>-6.930000000000065</x><y>-1.6683159788522648</y></row><row><x>-6.920000000000066</x><y>-1.6666057877557778</y></row><row><x>-6.910000000000066</x><y>-1.664850232784918</y></row><row><x>-6.900000000000066</x><y>-1.6630481576119964</y></row><row><x>-6.890000000000066</x><y>-1.6611983504418175</y></row><row><x>-6.8800000000000665</x><y>-1.6592995404416837</y></row><row><x>-6.870000000000067</x><y>-1.6573503938759124</y></row><row><x>-6.860000000000067</x><y>-1.655349509914895</y></row><row><x>-6.850000000000067</x><y>-1.6532954160852231</y></row><row><x>-6.840000000000067</x><y>-1.6511865633231897</y></row><row><x>-6.830000000000068</x><y>-1.6490213205893456</y></row><row><x>-6.820000000000068</x><y>-1.6467979689963586</y></row><row><x>-6.810000000000068</x><y>-1.6445146953962766</y></row><row><x>-6.800000000000068</x><y>-1.64216958536613</y></row><row><x>-6.790000000000068</x><y>-1.6397606155226223</y></row><row><x>-6.780000000000069</x><y>-1.6372856450871267</y></row><row><x>-6.770000000000069</x><y>-1.6347424066111607</y></row><row><x>-6.760000000000069</x><y>-1.6321284957597029</y></row><row><x>-6.750000000000069</x><y>-1.6294413600346305</y></row><row><x>-6.7400000000000695</x><y>-1.626678286303121</y></row><row><x>-6.73000000000007</x><y>-1.6238363869751014</y></row><row><x>-6.72000000000007</x><y>-1.6209125846496075</y></row><row><x>-6.71000000000007</x><y>-1.6179035950211307</y></row><row><x>-6.70000000000007</x><y>-1.6148059078028636</y></row><row><x>-6.690000000000071</x><y>-1.611615765383147</y></row><row><x>-6.680000000000071</x><y>-1.6083291388826444</y></row><row><x>-6.670000000000071</x><y>-1.6049417012214202</y></row><row><x>-6.660000000000071</x><y>-1.601448796734467</y></row><row><x>-6.650000000000071</x><y>-1.5978454067886767</y></row><row><x>-6.640000000000072</x><y>-1.5941261107501359</y></row><row><x>-6.630000000000072</x><y>-1.5902850415230239</y></row><row><x>-6.620000000000072</x><y>-1.5863158347243496</y></row><row><x>-6.610000000000072</x><y>-1.5822115703644926</y></row><row><x>-6.6000000000000725</x><y>-1.5779647056614172</y></row><row><x>-6.590000000000073</x><y>-1.5735669973132569</y></row><row><x>-6.580000000000073</x><y>-1.569009411171325</y></row><row><x>-6.570000000000073</x><y>-1.5642820167696823</y></row><row><x>-6.560000000000073</x><y>-1.5593738635452268</y></row><row><x>-6.5500000000000735</x><y>-1.554272834779614</y></row><row><x>-6.540000000000074</x><y>-1.5489654742496017</y></row><row><x>-6.530000000000074</x><y>-1.5434367792003938</y></row><row><x>-6.520000000000074</x><y>-1.537669951436682</y></row><row><x>-6.510000000000074</x><y>-1.5316460958867368</y></row><row><x>-6.500000000000075</x><y>-1.5253438526875787</y></row><row><x>-6.490000000000075</x><y>-1.5187389442996755</y></row><row><x>-6.480000000000075</x><y>-1.5118036128446466</y></row><row><x>-6.470000000000075</x><y>-1.5045059139461205</y></row><row><x>-6.4600000000000755</x><y>-1.496808820570723</y></row><row><x>-6.450000000000076</x><y>-1.4886690717102646</y></row><row><x>-6.440000000000076</x><y>-1.4800356729882642</y></row><row><x>-6.430000000000076</x><y>-1.4708479140802608</y></row><row><x>-6.420000000000076</x><y>-1.4610327021492413</y></row><row><x>-6.4100000000000765</x><y>-1.4505009054503724</y></row><row><x>-6.400000000000077</x><y>-1.4391422280860706</y></row><row><x>-6.390000000000077</x><y>-1.4268178413258363</y></row><row><x>-6.380000000000077</x><y>-1.4133494718201898</y></row><row><x>-6.370000000000077</x><y>-1.3985026695106284</y></row><row><x>-6.360000000000078</x><y>-1.3819600544266921</y></row><row><x>-6.350000000000078</x><y>-1.3632762942185825</y></row><row><x>-6.340000000000078</x><y>-1.3417973153750014</y></row><row><x>-6.330000000000078</x><y>-1.3165027763909378</y></row><row><x>-6.320000000000078</x><y>-1.285662365626332</y></row><row><x>-6.310000000000079</x><y>-1.2459536595967138</y></row><row><x>-6.300000000000079</x><y>-1.1895202458769027</y></row><row><x>-6.290000000000079</x><y>-1.08713744012459</y></row><row><x>-6.280000000000079</x><y>-1.0078371876553314</y></row><row><x>-6.2700000000000795</x><y>-1.1620324015467596</y></row><row><x>-6.26000000000008</x><y>-1.2298807568875492</y></row><row><x>-6.25000000000008</x><y>-1.275167854701087</y></row><row><x>-6.24000000000008</x><y>-1.3095918590643478</y></row><row><x>-6.23000000000008</x><y>-1.337548898490033</y></row><row><x>-6.220000000000081</x><y>-1.3611901203211862</y></row><row><x>-6.210000000000081</x><y>-1.381735089960771</y></row><row><x>-6.200000000000081</x><y>-1.399944501321304</y></row><row><x>-6.190000000000081</x><y>-1.416325912617736</y></row><row><x>-6.180000000000081</x><y>-1.4312354448394269</y></row><row><x>-6.170000000000082</x><y>-1.4449329068093313</y></row><row><x>-6.160000000000082</x><y>-1.457613847727125</y></row><row><x>-6.150000000000082</x><y>-1.469429255480726</y></row><row><x>-6.140000000000082</x><y>-1.4804982184975617</y></row><row><x>-6.1300000000000825</x><y>-1.4909163729979968</y></row><row><x>-6.120000000000083</x><y>-1.5007617178564658</y></row><row><x>-6.110000000000083</x><y>-1.5100987259891763</y></row><row><x>-6.100000000000083</x><y>-1.5189813193741104</y></row><row><x>-6.090000000000083</x><y>-1.5274550657606822</y></row><row><x>-6.080000000000084</x><y>-1.5355588298494087</y></row><row><x>-6.070000000000084</x><y>-1.5433260342163135</y></row><row><x>-6.060000000000084</x><y>-1.5507856359416086</y></row><row><x>-6.050000000000084</x><y>-1.5579628927328981</y></row><row><x>-6.040000000000084</x><y>-1.5648799708759595</y></row><row><x>-6.030000000000085</x><y>-1.5715564327446143</y></row><row><x>-6.020000000000085</x><y>-1.578009631483265</y></row><row><x>-6.010000000000085</x><y>-1.5842550333481915</y></row><row><x>-6.000000000000085</x><y>-1.590306483096741</y></row><row><x>-5.9900000000000855</x><y>-1.5961764241181</y></row><row><x>-5.980000000000086</x><y>-1.6018760822857256</y></row><row><x>-5.970000000000086</x><y>-1.6074156204955337</y></row><row><x>-5.960000000000086</x><y>-1.6128042693397218</y></row><row><x>-5.950000000000086</x><y>-1.618050438217448</y></row><row><x>-5.9400000000000865</x><y>-1.623161810303785</y></row><row><x>-5.930000000000087</x><y>-1.6281454241188087</y></row><row><x>-5.920000000000087</x><y>-1.6330077439092032</y></row><row><x>-5.910000000000087</x><y>-1.637754720639276</y></row><row><x>-5.900000000000087</x><y>-1.6423918450596933</y></row><row><x>-5.890000000000088</x><y>-1.646924194060696</y></row><row><x>-5.880000000000088</x><y>-1.6513564713069857</y></row><row><x>-5.870000000000088</x><y>-1.6556930429826324</y></row><row><x>-5.860000000000088</x><y>-1.6599379693373122</y></row><row><x>-5.8500000000000885</x><y>-1.6640950326136137</y></row><row><x>-5.840000000000089</x><y>-1.6681677618437052</y></row><row><x>-5.830000000000089</x><y>-1.6721594549282812</y></row><row><x>-5.820000000000089</x><y>-1.676073198348467</y></row><row><x>-5.810000000000089</x><y>-1.6799118848095325</y></row><row><x>-5.8000000000000895</x><y>-1.6836782290721055</y></row><row><x>-5.79000000000009</x><y>-1.687374782190339</y></row><row><x>-5.78000000000009</x><y>-1.69100394434608</y></row><row><x>-5.77000000000009</x><y>-1.6945679764422996</y></row><row><x>-5.76000000000009</x><y>-1.6980690105973828</y></row><row><x>-5.750000000000091</x><y>-1.7015090596632145</y></row><row><x>-5.740000000000091</x><y>-1.7048900258743114</y></row><row><x>-5.730000000000091</x><y>-1.7082137087216973</y></row><row><x>-5.720000000000091</x><y>-1.7114818121335713</y></row><row><x>-5.7100000000000914</x><y>-1.7146959510349309</y></row><row><x>-5.700000000000092</x><y>-1.7178576573495818</y></row><row><x>-5.690000000000092</x><y>-1.7209683855006062</y></row><row><x>-5.680000000000092</x><y>-1.7240295174588192</y></row><row><x>-5.670000000000092</x><y>-1.7270423673831214</y></row><row><x>-5.6600000000000925</x><y>-1.7300081858918073</y></row><row><x>-5.650000000000093</x><y>-1.7329281639994853</y></row><row><x>-5.640000000000093</x><y>-1.7358034367506414</y></row><row><x>-5.630000000000093</x><y>-1.738635086577425</y></row><row><x>-5.620000000000093</x><y>-1.7414241464064766</y></row><row><x>-5.610000000000094</x><y>-1.7441716025369716</y></row><row><x>-5.600000000000094</x><y>-1.746878397309773</y></row><row><x>-5.590000000000094</x><y>-1.7495454315857013</y></row><row><x>-5.580000000000094</x><y>-1.7521735670489929</y></row><row><x>-5.570000000000094</x><y>-1.7547636283505894</y></row><row><x>-5.560000000000095</x><y>-1.7573164051043857</y></row><row><x>-5.550000000000095</x><y>-1.7598326537484141</y></row><row><x>-5.540000000000095</x><y>-1.7623130992817035</y></row><row><x>-5.530000000000095</x><y>-1.7647584368866844</y></row><row><x>-5.5200000000000955</x><y>-1.7671693334460379</y></row><row><x>-5.510000000000096</x><y>-1.7695464289620622</y></row><row><x>-5.500000000000096</x><y>-1.771890337886016</y></row><row><x>-5.490000000000096</x><y>-1.7742016503641251</y></row><row><x>-5.480000000000096</x><y>-1.7764809334064413</y></row><row><x>-5.470000000000097</x><y>-1.7787287319841676</y></row><row><x>-5.460000000000097</x><y>-1.7809455700606371</y></row><row><x>-5.450000000000097</x><y>-1.7831319515606174</y></row><row><x>-5.440000000000097</x><y>-1.7852883612823491</y></row><row><x>-5.430000000000097</x><y>-1.7874152657562166</y></row><row><x>-5.420000000000098</x><y>-1.7895131140537874</y></row><row><x>-5.410000000000098</x><y>-1.791582338550545</y></row><row><x>-5.400000000000098</x><y>-1.7936233556454277</y></row><row><x>-5.390000000000098</x><y>-1.7956365664400438</y></row><row><x>-5.3800000000000985</x><y>-1.7976223573801975</y></row><row><x>-5.370000000000099</x><y>-1.7995811008621583</y></row><row><x>-5.360000000000099</x><y>-1.8015131558059585</y></row><row><x>-5.350000000000099</x><y>-1.803418868197758</y></row><row><x>-5.340000000000099</x><y>-1.8052985716032575</y></row><row><x>-5.3300000000000995</x><y>-1.8071525876539243</y></row><row><x>-5.3200000000001</x><y>-1.8089812265076906</y></row><row><x>-5.3100000000001</x><y>-1.8107847872856928</y></row><row><x>-5.3000000000001</x><y>-1.8125635584864603</y></row><row><x>-5.2900000000001</x><y>-1.8143178183788868</y></row><row><x>-5.280000000000101</x><y>-1.816047835375242</y></row><row><x>-5.270000000000101</x><y>-1.8177538683853687</y></row><row><x>-5.260000000000101</x><y>-1.8194361671531305</y></row><row><x>-5.250000000000101</x><y>-1.8210949725761316</y></row><row><x>-5.2400000000001015</x><y>-1.822730517009625</y></row><row><x>-5.230000000000102</x><y>-1.8243430245555008</y></row><row><x>-5.220000000000102</x><y>-1.8259327113371528</y></row><row><x>-5.210000000000102</x><y>-1.8274997857609954</y></row><row><x>-5.200000000000102</x><y>-1.8290444487653514</y></row><row><x>-5.1900000000001025</x><y>-1.8305668940573383</y></row><row><x>-5.180000000000103</x><y>-1.8320673083384431</y></row><row><x>-5.170000000000103</x><y>-1.8335458715193105</y></row><row><x>-5.160000000000103</x><y>-1.8350027569243006</y></row><row><x>-5.150000000000103</x><y>-1.8364381314863896</y></row><row><x>-5.140000000000104</x><y>-1.8378521559327852</y></row><row><x>-5.130000000000104</x><y>-1.839244984961829</y></row><row><x>-5.120000000000104</x><y>-1.840616767411514</y></row><row><x>-5.110000000000104</x><y>-1.8419676464200585</y></row><row><x>-5.1000000000001044</x><y>-1.843297759578927</y></row><row><x>-5.090000000000105</x><y>-1.844607239078598</y></row><row><x>-5.080000000000105</x><y>-1.8458962118474416</y></row><row><x>-5.070000000000105</x><y>-1.8471647996840308</y></row><row><x>-5.060000000000105</x><y>-1.848413119383141</y></row><row><x>-5.0500000000001055</x><y>-1.8496412828557411</y></row><row><x>-5.040000000000106</x><y>-1.8508493972432025</y></row><row><x>-5.030000000000106</x><y>-1.852037565026018</y></row><row><x>-5.020000000000106</x><y>-1.853205884127214</y></row><row><x>-5.010000000000106</x><y>-1.854354448010674</y></row><row><x>-5.000000000000107</x><y>-1.8554833457746114</y></row><row><x>-4.990000000000107</x><y>-1.8565926622403304</y></row><row><x>-4.980000000000107</x><y>-1.8576824780365104</y></row><row><x>-4.970000000000107</x><y>-1.8587528696791067</y></row><row><x>-4.960000000000107</x><y>-1.8598039096471124</y></row><row><x>-4.950000000000108</x><y>-1.8608356664542571</y></row><row><x>-4.940000000000108</x><y>-1.8618482047168092</y></row><row><x>-4.930000000000108</x><y>-1.8628415852176292</y></row><row><x>-4.920000000000108</x><y>-1.8638158649665593</y></row><row><x>-4.9100000000001085</x><y>-1.8647710972572848</y></row><row><x>-4.900000000000109</x><y>-1.8657073317207826</y></row><row><x>-4.890000000000109</x><y>-1.8666246143754344</y></row><row><x>-4.880000000000109</x><y>-1.8675229876738955</y></row><row><x>-4.870000000000109</x><y>-1.8684024905468546</y></row><row><x>-4.86000000000011</x><y>-1.8692631584436736</y></row><row><x>-4.85000000000011</x><y>-1.8701050233700962</y></row><row><x>-4.84000000000011</x><y>-1.870928113922973</y></row><row><x>-4.83000000000011</x><y>-1.8717324553221737</y></row><row><x>-4.82000000000011</x><y>-1.8725180694396784</y></row><row><x>-4.810000000000111</x><y>-1.8732849748259</y></row><row><x>-4.800000000000111</x><y>-1.8740331867333455</y></row><row><x>-4.790000000000111</x><y>-1.874762717137584</y></row><row><x>-4.780000000000111</x><y>-1.8754735747556004</y></row><row><x>-4.7700000000001115</x><y>-1.876165765061581</y></row><row><x>-4.760000000000112</x><y>-1.8768392903001099</y></row><row><x>-4.750000000000112</x><y>-1.877494149496866</y></row><row><x>-4.740000000000112</x><y>-1.8781303384667702</y></row><row><x>-4.730000000000112</x><y>-1.8787478498196721</y></row><row><x>-4.7200000000001125</x><y>-1.8793466729635298</y></row><row><x>-4.710000000000113</x><y>-1.8799267941051272</y></row><row><x>-4.700000000000113</x><y>-1.8804881962482975</y></row><row><x>-4.690000000000113</x><y>-1.8810308591897138</y></row><row><x>-4.680000000000113</x><y>-1.8815547595121547</y></row><row><x>-4.670000000000114</x><y>-1.8820598705753322</y></row><row><x>-4.660000000000114</x><y>-1.8825461625041853</y></row><row><x>-4.650000000000114</x><y>-1.883013602174685</y></row><row><x>-4.640000000000114</x><y>-1.8834621531970952</y></row><row><x>-4.6300000000001145</x><y>-1.8838917758966647</y></row><row><x>-4.620000000000115</x><y>-1.8843024272917608</y></row><row><x>-4.610000000000115</x><y>-1.8846940610693423</y></row><row><x>-4.600000000000115</x><y>-1.8850666275577996</y></row><row><x>-4.590000000000115</x><y>-1.885420073697084</y></row><row><x>-4.5800000000001155</x><y>-1.885754343006085</y></row><row><x>-4.570000000000116</x><y>-1.8860693755472018</y></row><row><x>-4.560000000000116</x><y>-1.8863651078880612</y></row><row><x>-4.550000000000116</x><y>-1.8866414730603072</y></row><row><x>-4.540000000000116</x><y>-1.886898400515408</y></row><row><x>-4.530000000000117</x><y>-1.8871358160773892</y></row><row><x>-4.520000000000117</x><y>-1.8873536418924273</y></row><row><x>-4.510000000000117</x><y>-1.8875517963752177</y></row><row><x>-4.500000000000117</x><y>-1.8877301941520255</y></row><row><x>-4.4900000000001175</x><y>-1.8878887460003044</y></row><row><x>-4.480000000000118</x><y>-1.8880273587848162</y></row><row><x>-4.470000000000118</x><y>-1.8881459353900971</y></row><row><x>-4.460000000000118</x><y>-1.8882443746491715</y></row><row><x>-4.450000000000118</x><y>-1.8883225712684018</y></row><row><x>-4.4400000000001185</x><y>-1.8883804157483033</y></row><row><x>-4.430000000000119</x><y>-1.8884177943002025</y></row><row><x>-4.420000000000119</x><y>-1.8884345887585896</y></row><row><x>-4.410000000000119</x><y>-1.8884306764889855</y></row><row><x>-4.400000000000119</x><y>-1.8884059302911516</y></row><row><x>-4.39000000000012</x><y>-1.8883602182974848</y></row><row><x>-4.38000000000012</x><y>-1.8882934038663535</y></row><row><x>-4.37000000000012</x><y>-1.8882053454702241</y></row><row><x>-4.36000000000012</x><y>-1.8880958965782968</y></row><row><x>-4.35000000000012</x><y>-1.8879649055334664</y></row><row><x>-4.340000000000121</x><y>-1.8878122154233357</y></row><row><x>-4.330000000000121</x><y>-1.8876376639450188</y></row><row><x>-4.320000000000121</x><y>-1.8874410832634485</y></row><row><x>-4.310000000000121</x><y>-1.8872222998628998</y></row><row><x>-4.3000000000001215</x><y>-1.886981134391412</y></row><row><x>-4.290000000000122</x><y>-1.8867174014977686</y></row><row><x>-4.280000000000122</x><y>-1.8864309096606566</y></row><row><x>-4.270000000000122</x><y>-1.8861214610096748</y></row><row><x>-4.260000000000122</x><y>-1.8857888511377296</y></row><row><x>-4.250000000000123</x><y>-1.8854328689044135</y></row><row><x>-4.240000000000123</x><y>-1.8850532962299331</y></row><row><x>-4.230000000000123</x><y>-1.8846499078790235</y></row><row><x>-4.220000000000123</x><y>-1.8842224712344287</y></row><row><x>-4.210000000000123</x><y>-1.883770746059296</y></row><row><x>-4.200000000000124</x><y>-1.8832944842479633</y></row><row><x>-4.190000000000124</x><y>-1.8827934295644662</y></row><row><x>-4.180000000000124</x><y>-1.8822673173681332</y></row><row><x>-4.170000000000124</x><y>-1.8817158743254891</y></row><row><x>-4.1600000000001245</x><y>-1.881138818107774</y></row><row><x>-4.150000000000125</x><y>-1.8805358570731767</y></row><row><x>-4.140000000000125</x><y>-1.8799066899329937</y></row><row><x>-4.130000000000125</x><y>-1.8792510054006843</y></row><row><x>-4.120000000000125</x><y>-1.8785684818228918</y></row><row><x>-4.1100000000001256</x><y>-1.877858786791295</y></row><row><x>-4.100000000000126</x><y>-1.8771215767341975</y></row><row><x>-4.090000000000126</x><y>-1.8763564964865296</y></row><row><x>-4.080000000000126</x><y>-1.8755631788370408</y></row><row><x>-4.070000000000126</x><y>-1.874741244051152</y></row><row><x>-4.060000000000127</x><y>-1.8738902993679998</y></row><row><x>-4.050000000000127</x><y>-1.8730099384700003</y></row><row><x>-4.040000000000127</x><y>-1.8720997409231264</y></row><row><x>-4.030000000000127</x><y>-1.8711592715860403</y></row><row><x>-4.0200000000001275</x><y>-1.870188079985964</y></row><row><x>-4.010000000000128</x><y>-1.8691856996590763</y></row><row><x>-4.000000000000128</x><y>-1.8681516474530262</y></row><row><x>-3.990000000000128</x><y>-1.8670854227889753</y></row><row><x>-3.9800000000001283</x><y>-1.8659865068803179</y></row><row><x>-3.9700000000001285</x><y>-1.8648543619050697</y></row><row><x>-3.9600000000001288</x><y>-1.8636884301285839</y></row><row><x>-3.950000000000129</x><y>-1.862488132973032</y></row><row><x>-3.940000000000129</x><y>-1.861252870029742</y></row><row><x>-3.9300000000001294</x><y>-1.8599820180101838</y></row><row><x>-3.9200000000001296</x><y>-1.858674929630952</y></row><row><x>-3.91000000000013</x><y>-1.8573309324277847</y></row><row><x>-3.90000000000013</x><y>-1.855949327493099</y></row><row><x>-3.8900000000001302</x><y>-1.854529388131105</y></row><row><x>-3.8800000000001305</x><y>-1.8530703584239696</y></row><row><x>-3.8700000000001307</x><y>-1.8515714517018698</y></row><row><x>-3.860000000000131</x><y>-1.8500318489091476</y></row><row><x>-3.850000000000131</x><y>-1.8484506968579721</y></row><row><x>-3.8400000000001313</x><y>-1.8468271063600912</y></row><row><x>-3.8300000000001315</x><y>-1.8451601502263502</y></row><row><x>-3.8200000000001317</x><y>-1.843448861122536</y></row><row><x>-3.810000000000132</x><y>-1.8416922292690348</y></row><row><x>-3.800000000000132</x><y>-1.8398891999703895</y></row><row><x>-3.7900000000001324</x><y>-1.8380386709594536</y></row><row><x>-3.7800000000001326</x><y>-1.8361394895391752</y></row><row><x>-3.770000000000133</x><y>-1.8341904495031403</y></row><row><x>-3.760000000000133</x><y>-1.832190287814041</y></row><row><x>-3.7500000000001332</x><y>-1.8301376810167707</y></row><row><x>-3.7400000000001334</x><y>-1.8280312413602269</y></row><row><x>-3.7300000000001337</x><y>-1.8258695125989612</y></row><row><x>-3.720000000000134</x><y>-1.8236509654422772</y></row><row><x>-3.710000000000134</x><y>-1.8213739926145915</y></row><row><x>-3.7000000000001343</x><y>-1.819036903486385</y></row><row><x>-3.6900000000001345</x><y>-1.8166379182300418</y></row><row><x>-3.6800000000001347</x><y>-1.8141751614490296</y></row><row><x>-3.670000000000135</x><y>-1.8116466552222934</y></row><row><x>-3.660000000000135</x><y>-1.8090503114979555</y></row><row><x>-3.6500000000001354</x><y>-1.8063839237617192</y></row><row><x>-3.6400000000001356</x><y>-1.8036451578950186</y></row><row><x>-3.630000000000136</x><y>-1.8008315421261805</y></row><row><x>-3.620000000000136</x><y>-1.797940455964024</y></row><row><x>-3.610000000000136</x><y>-1.7949691179872622</y></row><row><x>-3.6000000000001364</x><y>-1.7919145723441672</y></row><row><x>-3.5900000000001366</x><y>-1.788773673794944</y></row><row><x>-3.580000000000137</x><y>-1.7855430711030922</y></row><row><x>-3.570000000000137</x><y>-1.7822191885513248</y></row><row><x>-3.5600000000001373</x><y>-1.7787982053209956</y></row><row><x>-3.5500000000001375</x><y>-1.7752760324305703</y></row><row><x>-3.5400000000001377</x><y>-1.7716482868765455</y></row><row><x>-3.530000000000138</x><y>-1.7679102625577894</y></row><row><x>-3.520000000000138</x><y>-1.7640568974890263</y></row><row><x>-3.5100000000001383</x><y>-1.7600827367178136</y></row><row><x>-3.5000000000001386</x><y>-1.7559818902484055</y></row><row><x>-3.4900000000001388</x><y>-1.7517479851400095</y></row><row><x>-3.480000000000139</x><y>-1.747374110779838</y></row><row><x>-3.470000000000139</x><y>-1.742852756124793</y></row><row><x>-3.4600000000001394</x><y>-1.7381757374484994</y></row><row><x>-3.4500000000001396</x><y>-1.7333341148086887</y></row><row><x>-3.44000000000014</x><y>-1.728318095044475</y></row><row><x>-3.43000000000014</x><y>-1.7231169185985016</y></row><row><x>-3.4200000000001403</x><y>-1.717718726801188</y></row><row><x>-3.4100000000001405</x><y>-1.7121104054066276</y></row><row><x>-3.4000000000001407</x><y>-1.7062773990681102</y></row><row><x>-3.390000000000141</x><y>-1.7002034899964837</y></row><row><x>-3.380000000000141</x><y>-1.6938705321315974</y></row><row><x>-3.3700000000001413</x><y>-1.6872581295969722</y></row><row><x>-3.3600000000001415</x><y>-1.6803432447437718</y></row><row><x>-3.3500000000001418</x><y>-1.6730997163445034</y></row><row><x>-3.340000000000142</x><y>-1.6654976619103516</y></row><row><x>-3.330000000000142</x><y>-1.6575027288311253</y></row><row><x>-3.3200000000001424</x><y>-1.6490751457706156</y></row><row><x>-3.3100000000001426</x><y>-1.6401685064447975</y></row><row><x>-3.300000000000143</x><y>-1.6307281892783019</y></row><row><x>-3.290000000000143</x><y>-1.6206892730667515</y></row><row><x>-3.2800000000001432</x><y>-1.6099737415252484</y></row><row><x>-3.2700000000001435</x><y>-1.5984866625446859</y></row><row><x>-3.2600000000001437</x><y>-1.5861108523870489</y></row><row><x>-3.250000000000144</x><y>-1.5726992371076818</y></row><row><x>-3.240000000000144</x><y>-1.5580635977658697</y></row><row><x>-3.2300000000001443</x><y>-1.5419574150349162</y></row><row><x>-3.2200000000001445</x><y>-1.5240486362443995</y></row><row><x>-3.2100000000001447</x><y>-1.503874251655465</y></row><row><x>-3.200000000000145</x><y>-1.4807597006777962</y></row><row><x>-3.190000000000145</x><y>-1.4536640405056822</y></row><row><x>-3.1800000000001454</x><y>-1.420848986892319</y></row><row><x>-3.1700000000001456</x><y>-1.3790551080014655</y></row><row><x>-3.160000000000146</x><y>-1.3208947876238706</y></row><row><x>-3.150000000000146</x><y>-1.2216985140622627</y></row><row><x>-3.1400000000001462</x><y>-1.0347556757985759</y></row><row><x>-3.1300000000001464</x><y>-1.2623215407663955</y></row><row><x>-3.1200000000001467</x><y>-1.3437139333669748</y></row><row><x>-3.110000000000147</x><y>-1.3962327764557436</y></row><row><x>-3.100000000000147</x><y>-1.4355633694095953</y></row><row><x>-3.0900000000001473</x><y>-1.4672342809565269</y></row><row><x>-3.0800000000001475</x><y>-1.4938673312281943</y></row><row><x>-3.0700000000001477</x><y>-1.5169208790458804</y></row><row><x>-3.060000000000148</x><y>-1.5372928863961135</y></row><row><x>-3.050000000000148</x><y>-1.55557690871918</y></row><row><x>-3.0400000000001484</x><y>-1.57218644638112</y></row><row><x>-3.0300000000001486</x><y>-1.587421480965997</y></row><row><x>-3.020000000000149</x><y>-1.6015067764434612</y></row><row><x>-3.010000000000149</x><y>-1.6146152295043423</y></row><row><x>-3.000000000000149</x><y>-1.6268827805798198</y></row><row><x>-2.9900000000001494</x><y>-1.638418307193547</y></row><row><x>-2.9800000000001496</x><y>-1.6493104026794432</y></row><row><x>-2.97000000000015</x><y>-1.6596321499537878</y></row><row><x>-2.96000000000015</x><y>-1.6694445638744364</y></row><row><x>-2.9500000000001503</x><y>-1.678799125304516</y></row><row><x>-2.9400000000001505</x><y>-1.6877396807501992</y></row><row><x>-2.9300000000001507</x><y>-1.6963038895484501</y></row><row><x>-2.920000000000151</x><y>-1.7045243423579426</y></row><row><x>-2.910000000000151</x><y>-1.712429436869578</y></row><row><x>-2.9000000000001513</x><y>-1.7200440715008831</y></row><row><x>-2.8900000000001516</x><y>-1.7273902007747293</y></row><row><x>-2.8800000000001518</x><y>-1.7344872842912464</y></row><row><x>-2.870000000000152</x><y>-1.741352652916428</y></row><row><x>-2.860000000000152</x><y>-1.7480018098993504</y></row><row><x>-2.8500000000001524</x><y>-1.7544486803530643</y></row><row><x>-2.8400000000001526</x><y>-1.7607058193997889</y></row><row><x>-2.830000000000153</x><y>-1.7667845869564947</y></row><row><x>-2.820000000000153</x><y>-1.7726952953940203</y></row><row><x>-2.8100000000001533</x><y>-1.7784473349827299</y></row><row><x>-2.8000000000001535</x><y>-1.7840492810279722</y></row><row><x>-2.7900000000001537</x><y>-1.789508985819812</y></row><row><x>-2.780000000000154</x><y>-1.7948336579154796</y></row><row><x>-2.770000000000154</x><y>-1.800029930797851</y></row><row><x>-2.7600000000001543</x><y>-1.8051039225782057</y></row><row><x>-2.7500000000001545</x><y>-1.8100612881129765</y></row><row><x>-2.7400000000001548</x><y>-1.8149072646654951</y></row><row><x>-2.730000000000155</x><y>-1.819646712051418</y></row><row><x>-2.720000000000155</x><y>-1.8242841480506413</y></row><row><x>-2.7100000000001554</x><y>-1.8288237797417912</y></row><row><x>-2.7000000000001556</x><y>-1.833269531311331</y></row><row><x>-2.690000000000156</x><y>-1.8376250688040248</y></row><row><x>-2.680000000000156</x><y>-1.8418938222107242</y></row><row><x>-2.6700000000001562</x><y>-1.8460790052308247</y></row><row><x>-2.6600000000001565</x><y>-1.8501836329978139</y></row><row><x>-2.6500000000001567</x><y>-1.8542105380153466</y></row><row><x>-2.640000000000157</x><y>-1.8581623845168833</y></row><row><x>-2.630000000000157</x><y>-1.8620416814327612</y></row><row><x>-2.6200000000001573</x><y>-1.8658507941241016</y></row><row><x>-2.6100000000001575</x><y>-1.8695919550219366</y></row><row><x>-2.6000000000001577</x><y>-1.873267273292137</y></row><row><x>-2.590000000000158</x><y>-1.8768787436315117</y></row><row><x>-2.580000000000158</x><y>-1.8804282542872894</y></row><row><x>-2.5700000000001584</x><y>-1.883917594381057</y></row><row><x>-2.5600000000001586</x><y>-1.8873484606083828</y></row><row><x>-2.550000000000159</x><y>-1.8907224633770687</y></row><row><x>-2.540000000000159</x><y>-1.894041132439614</y></row><row><x>-2.5300000000001592</x><y>-1.8973059220691886</y></row><row><x>-2.5200000000001594</x><y>-1.9005182158228269</y></row><row><x>-2.5100000000001597</x><y>-1.9036793309308278</y></row><row><x>-2.50000000000016</x><y>-1.906790522347012</y></row><row><x>-2.49000000000016</x><y>-1.9098529864908216</y></row><row><x>-2.4800000000001603</x><y>-1.912867864709054</y></row><row><x>-2.4700000000001605</x><y>-1.9158362464819996</y></row><row><x>-2.4600000000001607</x><y>-1.9187591723963735</y></row><row><x>-2.450000000000161</x><y>-1.9216376369050472</y></row><row><x>-2.440000000000161</x><y>-1.9244725908917013</y></row><row><x>-2.4300000000001614</x><y>-1.927264944056703</y></row><row><x>-2.4200000000001616</x><y>-1.9300155671389072</y></row><row><x>-2.410000000000162</x><y>-1.9327252939867767</y></row><row><x>-2.400000000000162</x><y>-1.9353949234908323</y></row><row><x>-2.390000000000162</x><y>-1.9380252213884819</y></row><row><x>-2.3800000000001624</x><y>-1.9406169219510987</y></row><row><x>-2.3700000000001626</x><y>-1.9431707295624845</y></row><row><x>-2.360000000000163</x><y>-1.9456873201969536</y></row><row><x>-2.350000000000163</x><y>-1.9481673428045418</y></row><row><x>-2.3400000000001633</x><y>-1.950611420610259</y></row><row><x>-2.3300000000001635</x><y>-1.9530201523336532</y></row><row><x>-2.3200000000001637</x><y>-1.9553941133344306</y></row><row><x>-2.310000000000164</x><y>-1.9577338566894367</y></row><row><x>-2.300000000000164</x><y>-1.9600399142057934</y></row><row><x>-2.2900000000001643</x><y>-1.9623127973746992</y></row><row><x>-2.2800000000001646</x><y>-1.9645529982698915</y></row><row><x>-2.2700000000001648</x><y>-1.9667609903946066</y></row><row><x>-2.260000000000165</x><y>-1.9689372294804468</y></row><row><x>-2.250000000000165</x><y>-1.9710821542413786</y></row><row><x>-2.2400000000001654</x><y>-1.9731961870857875</y></row><row><x>-2.2300000000001656</x><y>-1.9752797347893056</y></row><row><x>-2.220000000000166</x><y>-1.9773331891309478</y></row><row><x>-2.210000000000166</x><y>-1.9793569274948732</y></row><row><x>-2.2000000000001663</x><y>-1.981351313439891</y></row><row><x>-2.1900000000001665</x><y>-1.9833166972387881</y></row><row><x>-2.1800000000001667</x><y>-1.9852534163892372</y></row><row><x>-2.170000000000167</x><y>-1.9871617960980643</y></row><row><x>-2.160000000000167</x><y>-1.9890421497404704</y></row><row><x>-2.1500000000001673</x><y>-1.9908947792956486</y></row><row><x>-2.1400000000001675</x><y>-1.9927199757602183</y></row><row><x>-2.1300000000001678</x><y>-1.9945180195407586</y></row><row><x>-2.120000000000168</x><y>-1.9962891808266157</y></row><row><x>-2.110000000000168</x><y>-1.9980337199441205</y></row><row><x>-2.1000000000001684</x><y>-1.9997518876932443</y></row><row><x>-2.0900000000001686</x><y>-2.0014439256676733</y></row><row><x>-2.080000000000169</x><y>-2.0031100665592225</y></row><row><x>-2.070000000000169</x><y>-2.0047505344473935</y></row><row><x>-2.0600000000001693</x><y>-2.006365545074926</y></row><row><x>-2.0500000000001695</x><y>-2.007955306110037</y></row><row><x>-2.0400000000001697</x><y>-2.009520017396072</y></row><row><x>-2.03000000000017</x><y>-2.011059871189204</y></row><row><x>-2.02000000000017</x><y>-2.0125750523848023</y></row><row><x>-2.0100000000001703</x><y>-2.014065738733027</y></row><row><x>-2.0000000000001705</x><y>-2.0155321010441933</y></row><row><x>-1.9900000000001707</x><y>-2.0169743033844014</y></row><row><x>-1.980000000000171</x><y>-2.018392503261936</y></row><row><x>-1.9700000000001712</x><y>-2.0197868518048177</y></row><row><x>-1.9600000000001714</x><y>-2.0211574939299735</y></row><row><x>-1.9500000000001716</x><y>-2.02250456850441</y></row><row><x>-1.9400000000001718</x><y>-2.0238282084987196</y></row><row><x>-1.930000000000172</x><y>-2.025128541133335</y></row><row><x>-1.9200000000001722</x><y>-2.0264056880177668</y></row><row><x>-1.9100000000001724</x><y>-2.0276597652832096</y></row><row><x>-1.9000000000001727</x><y>-2.028890883708765</y></row><row><x>-1.8900000000001729</x><y>-2.030099148841554</y></row><row><x>-1.880000000000173</x><y>-2.03128466111098</y></row><row><x>-1.8700000000001733</x><y>-2.032447515937378</y></row><row><x>-1.8600000000001735</x><y>-2.0335878038352795</y></row><row><x>-1.8500000000001737</x><y>-2.0347056105115</y></row><row><x>-1.840000000000174</x><y>-2.035801016958245</y></row><row><x>-1.8300000000001742</x><y>-2.0368740995414325</y></row><row><x>-1.8200000000001744</x><y>-2.0379249300844067</y></row><row><x>-1.8100000000001746</x><y>-2.038953575947186</y></row><row><x>-1.8000000000001748</x><y>-2.039960100101445</y></row><row><x>-1.790000000000175</x><y>-2.04094456120131</y></row><row><x>-1.7800000000001752</x><y>-2.0419070136502033</y></row><row><x>-1.7700000000001754</x><y>-2.0428475076637396</y></row><row><x>-1.7600000000001756</x><y>-2.04376608932891</y></row><row><x>-1.7500000000001759</x><y>-2.0446628006595944</y></row><row><x>-1.740000000000176</x><y>-2.045537679648539</y></row><row><x>-1.7300000000001763</x><y>-2.0463907603158753</y></row><row><x>-1.7200000000001765</x><y>-2.047222072754298</y></row><row><x>-1.7100000000001767</x><y>-2.0480316431709564</y></row><row><x>-1.700000000000177</x><y>-2.0488194939261755</y></row><row><x>-1.6900000000001771</x><y>-2.049585643569029</y></row><row><x>-1.6800000000001774</x><y>-2.0503301068698785</y></row><row><x>-1.6700000000001776</x><y>-2.0510528948499176</y></row><row><x>-1.6600000000001778</x><y>-2.0517540148077735</y></row><row><x>-1.650000000000178</x><y>-2.05243347034322</y></row><row><x>-1.6400000000001782</x><y>-2.053091261378059</y></row><row><x>-1.6300000000001784</x><y>-2.0537273841741945</y></row><row><x>-1.6200000000001786</x><y>-2.054341831348944</y></row><row><x>-1.6100000000001788</x><y>-2.054934591887616</y></row><row><x>-1.600000000000179</x><y>-2.055505651153374</y></row><row><x>-1.5900000000001793</x><y>-2.0560549908944274</y></row><row><x>-1.5800000000001795</x><y>-2.0565825892485377</y></row><row><x>-1.5700000000001797</x><y>-2.057088420744886</y></row><row><x>-1.56000000000018</x><y>-2.0575724563032765</y></row><row><x>-1.5500000000001801</x><y>-2.058034663230708</y></row><row><x>-1.5400000000001803</x><y>-2.058475005215303</y></row><row><x>-1.5300000000001805</x><y>-2.0588934423175766</y></row><row><x>-1.5200000000001808</x><y>-2.0592899309590655</y></row><row><x>-1.510000000000181</x><y>-2.0596644239082735</y></row><row><x>-1.5000000000001812</x><y>-2.0600168702639383</y></row><row><x>-1.4900000000001814</x><y>-2.0603472154355833</y></row><row><x>-1.4800000000001816</x><y>-2.0606554011213225</y></row><row><x>-1.4700000000001818</x><y>-2.0609413652829254</y></row><row><x>-1.460000000000182</x><y>-2.061205042118048</y></row><row><x>-1.4500000000001823</x><y>-2.0614463620296406</y></row><row><x>-1.4400000000001825</x><y>-2.0616652515924345</y></row><row><x>-1.4300000000001827</x><y>-2.0618616335165334</y></row><row><x>-1.420000000000183</x><y>-2.0620354266079506</y></row><row><x>-1.410000000000183</x><y>-2.0621865457261337</y></row><row><x>-1.4000000000001833</x><y>-2.0623149017383313</y></row><row><x>-1.3900000000001835</x><y>-2.062420401470779</y></row><row><x>-1.3800000000001837</x><y>-2.0625029476565877</y></row><row><x>-1.370000000000184</x><y>-2.0625624388802746</y></row><row><x>-1.3600000000001842</x><y>-2.062598769518845</y></row><row><x>-1.3500000000001844</x><y>-2.06261182967931</y></row><row><x>-1.3400000000001846</x><y>-2.0626015051325424</y></row><row><x>-1.3300000000001848</x><y>-2.0625676772433574</y></row><row><x>-1.320000000000185</x><y>-2.062510222896703</y></row><row><x>-1.3100000000001852</x><y>-2.062429014419825</y></row><row><x>-1.3000000000001855</x><y>-2.062323919500252</y></row><row><x>-1.2900000000001857</x><y>-2.0621948010995004</y></row><row><x>-1.2800000000001859</x><y>-2.0620415173622755</y></row><row><x>-1.270000000000186</x><y>-2.0618639215210717</y></row><row><x>-1.2600000000001863</x><y>-2.061661861795942</y></row><row><x>-1.2500000000001865</x><y>-2.061435181289269</y></row><row><x>-1.2400000000001867</x><y>-2.061183717875325</y></row><row><x>-1.230000000000187</x><y>-2.060907304084445</y></row><row><x>-1.2200000000001872</x><y>-2.0606057669815283</y></row><row><x>-1.2100000000001874</x><y>-2.060278928038662</y></row><row><x>-1.2000000000001876</x><y>-2.0599266030016126</y></row><row><x>-1.1900000000001878</x><y>-2.0595486017498903</y></row><row><x>-1.180000000000188</x><y>-2.059144728150124</y></row><row><x>-1.1700000000001882</x><y>-2.0587147799024077</y></row><row><x>-1.1600000000001884</x><y>-2.0582585483793157</y></row><row><x>-1.1500000000001886</x><y>-2.057775818457229</y></row><row><x>-1.1400000000001889</x><y>-2.0572663683395964</y></row><row><x>-1.130000000000189</x><y>-2.056729969371739</y></row><row><x>-1.1200000000001893</x><y>-2.056166385846781</y></row><row><x>-1.1100000000001895</x><y>-2.055575374802262</y></row><row><x>-1.1000000000001897</x><y>-2.0549566858069404</y></row><row><x>-1.09000000000019</x><y>-2.054310060737301</y></row><row><x>-1.0800000000001901</x><y>-2.0536352335431984</y></row><row><x>-1.0700000000001904</x><y>-2.0529319300020847</y></row><row><x>-1.0600000000001906</x><y>-2.052199867461206</y></row><row><x>-1.0500000000001908</x><y>-2.051438754567078</y></row><row><x>-1.040000000000191</x><y>-2.050648290981586</y></row><row><x>-1.0300000000001912</x><y>-2.049828167083917</y></row><row><x>-1.0200000000001914</x><y>-2.0489780636575676</y></row><row><x>-1.0100000000001916</x><y>-2.0480976515615215</y></row><row><x>-1.0000000000001918</x><y>-2.04718659138473</y></row><row><x>-0.9900000000001921</x><y>-2.046244533082876</y></row><row><x>-0.9800000000001923</x><y>-2.045271115596403</y></row><row><x>-0.9700000000001925</x><y>-2.044265966448658</y></row><row><x>-0.9600000000001927</x><y>-2.0432287013229513</y></row><row><x>-0.9500000000001929</x><y>-2.042158923617253</y></row><row><x>-0.9400000000001931</x><y>-2.0410562239751044</y></row><row><x>-0.9300000000001933</x><y>-2.039920179791285</y></row><row><x>-0.9200000000001936</x><y>-2.0387503546905985</y></row><row><x>-0.9100000000001938</x><y>-2.0375462979780647</y></row><row><x>-0.900000000000194</x><y>-2.0363075440586553</y></row><row><x>-0.8900000000001942</x><y>-2.035033611824561</y></row><row><x>-0.8800000000001944</x><y>-2.033724004007832</y></row><row><x>-0.8700000000001946</x><y>-2.0323782064960554</y></row><row><x>-0.8600000000001948</x><y>-2.0309956876085415</y></row><row><x>-0.850000000000195</x><y>-2.029575897330303</y></row><row><x>-0.8400000000001953</x><y>-2.028118266500857</y></row><row><x>-0.8300000000001955</x><y>-2.0266222059546806</y></row><row><x>-0.8200000000001957</x><y>-2.0250871056098414</y></row><row><x>-0.8100000000001959</x><y>-2.023512333501032</y></row><row><x>-0.8000000000001961</x><y>-2.021897234752956</y></row><row><x>-0.7900000000001963</x><y>-2.0202411304896013</y></row><row><x>-0.7800000000001965</x><y>-2.01854331667461</y></row><row><x>-0.7700000000001967</x><y>-2.0168030628774374</y></row><row><x>-0.760000000000197</x><y>-2.015019610959606</y></row><row><x>-0.7500000000001972</x><y>-2.0131921736747844</y></row><row><x>-0.7400000000001974</x><y>-2.011319933175868</y></row><row><x>-0.7300000000001976</x><y>-2.009402039421533</y></row><row><x>-0.7200000000001978</x><y>-2.007437608474149</y></row><row><x>-0.710000000000198</x><y>-2.0054257206799853</y></row><row><x>-0.7000000000001982</x><y>-2.003365418721901</y></row><row><x>-0.6900000000001985</x><y>-2.001255705533661</y></row><row><x>-0.6800000000001987</x><y>-1.999095542063927</y></row><row><x>-0.6700000000001989</x><y>-1.9968838448767854</y></row><row><x>-0.6600000000001991</x><y>-1.9946194835742816</y></row><row><x>-0.6500000000001993</x><y>-1.9923012780249076</y></row><row><x>-0.6400000000001995</x><y>-1.9899279953802707</y></row><row><x>-0.6300000000001997</x><y>-1.9874983468602492</y></row><row><x>-0.6200000000002</x><y>-1.9850109842847647</y></row><row><x>-0.6100000000002002</x><y>-1.9824644963278306</y></row><row><x>-0.6000000000002004</x><y>-1.979857404466784</y></row><row><x>-0.5900000000002006</x><y>-1.9771881585964433</y></row><row><x>-0.5800000000002008</x><y>-1.9744551322744057</y></row><row><x>-0.570000000000201</x><y>-1.9716566175596077</y></row><row><x>-0.5600000000002012</x><y>-1.9687908194016404</y></row><row><x>-0.5500000000002014</x><y>-1.9658558495331033</y></row><row><x>-0.5400000000002017</x><y>-1.9628497198111134</y></row><row><x>-0.5300000000002019</x><y>-1.959770334947316</y></row><row><x>-0.5200000000002021</x><y>-1.9566154845575763</y></row><row><x>-0.5100000000002023</x><y>-1.9533828344534792</y></row><row><x>-0.5000000000002025</x><y>-1.950069917087059</y></row><row><x>-0.4900000000002027</x><y>-1.9466741210478418</y></row><row><x>-0.48000000000020293</x><y>-1.943192679496949</y></row><row><x>-0.47000000000020314</x><y>-1.9396226574062603</y></row><row><x>-0.46000000000020336</x><y>-1.9359609374511197</y></row><row><x>-0.45000000000020357</x><y>-1.9322042043820018</y></row><row><x>-0.4400000000002038</x><y>-1.9283489276736185</y></row><row><x>-0.430000000000204</x><y>-1.9243913422179133</y></row><row><x>-0.4200000000002042</x><y>-1.920327426789561</y></row><row><x>-0.4100000000002044</x><y>-1.9161528799674632</y></row><row><x>-0.40000000000020464</x><y>-1.911863093141856</y></row><row><x>-0.39000000000020485</x><y>-1.9074531201720264</y></row><row><x>-0.38000000000020506</x><y>-1.9029176431816883</y></row><row><x>-0.3700000000002053</x><y>-1.898250933884757</y></row><row><x>-0.3600000000002055</x><y>-1.8934468097196104</y></row><row><x>-0.3500000000002057</x><y>-1.8884985839296937</y></row><row><x>-0.3400000000002059</x><y>-1.8833990085559658</y></row><row><x>-0.33000000000020613</x><y>-1.8781402090939272</y></row><row><x>-0.32000000000020634</x><y>-1.8727136093032772</y></row><row><x>-0.31000000000020655</x><y>-1.8671098443273744</y></row><row><x>-0.30000000000020677</x><y>-1.8613186598631248</y></row><row><x>-0.290000000000207</x><y>-1.8553287945939996</y></row><row><x>-0.2800000000002072</x><y>-1.8491278424245041</y></row><row><x>-0.2700000000002074</x><y>-1.8427020901868116</y></row><row><x>-0.2600000000002076</x><y>-1.83603632536396</y></row><row><x>-0.25000000000020783</x><y>-1.8291136068990974</y></row><row><x>-0.24000000000020805</x><y>-1.8219149902103902</y></row><row><x>-0.23000000000020826</x><y>-1.8144191949259254</y></row><row><x>-0.22000000000020847</x><y>-1.8066022003342275</y></row><row><x>-0.2100000000002087</x><y>-1.798436748734813</y></row><row><x>-0.2000000000002089</x><y>-1.789891730209889</y></row><row><x>-0.1900000000002091</x><y>-1.7809314129771185</y></row><row><x>-0.18000000000020933</x><y>-1.7715144701276153</y></row><row><x>-0.17000000000020954</x><y>-1.761592734172343</y></row><row><x>-0.16000000000020975</x><y>-1.751109582164819</y></row><row><x>-0.15000000000020997</x><y>-1.7399978109146506</y></row><row><x>-0.14000000000021018</x><y>-1.7281767949954823</y></row><row><x>-0.1300000000002104</x><y>-1.7155486143497427</y></row><row><x>-0.1200000000002106</x><y>-1.7019926654581847</y></row><row><x>-0.11000000000021082</x><y>-1.6873579784361223</y></row><row><x>-0.10000000000021103</x><y>-1.6714519512466604</y></row><row><x>-0.09000000000021124</x><y>-1.6540232754094777</y></row><row><x>-0.08000000000021146</x><y>-1.634735018253777</y></row><row><x>-0.07000000000021167</x><y>-1.6131201054125062</y></row><row><x>-0.060000000000211884</x><y>-1.5885031805420033</y></row><row><x>-0.0500000000002121</x><y>-1.5598525870831361</y></row><row><x>-0.04000000000021231</x><y>-1.5254700273925044</y></row><row><x>-0.030000000000212523</x><y>-1.4822397536824672</y></row><row><x>-0.020000000000212736</x><y>-1.4233624712109139</y></row><row><x>-0.01000000000021295</x><y>-1.32805548366282</y></row><row><x>-2.1316282072803006e-13</x><y>-0.11378593991886328</y></row><row><x>0.009999999999786624</x><y>-1.3280554836571585</y></row><row><x>0.01999999999978641</x><y>-1.4233624712078803</y></row><row><x>0.029999999999786198</x><y>-1.4822397536803613</y></row><row><x>0.039999999999785985</x><y>-1.5254700273908814</y></row><row><x>0.04999999999978577</x><y>-1.5598525870818072</y></row><row><x>0.05999999999978556</x><y>-1.588503180540878</y></row><row><x>0.06999999999978535</x><y>-1.6131201054115254</y></row><row><x>0.07999999999978513</x><y>-1.6347350182529101</y></row><row><x>0.08999999999978492</x><y>-1.6540232754086963</y></row><row><x>0.0999999999997847</x><y>-1.6714519512459527</y></row><row><x>0.10999999999978449</x><y>-1.6873579784354735</y></row><row><x>0.11999999999978428</x><y>-1.7019926654575857</y></row><row><x>0.12999999999978407</x><y>-1.7155486143491858</y></row><row><x>0.13999999999978385</x><y>-1.7281767949949616</y></row><row><x>0.14999999999978364</x><y>-1.7399978109141623</y></row><row><x>0.15999999999978343</x><y>-1.7511095821643587</y></row><row><x>0.1699999999997832</x><y>-1.761592734171908</y></row><row><x>0.179999999999783</x><y>-1.7715144701272028</y></row><row><x>0.1899999999997828</x><y>-1.7809314129767264</y></row><row><x>0.19999999999978257</x><y>-1.7898917302095179</y></row><row><x>0.20999999999978236</x><y>-1.7984367487344557</y></row><row><x>0.21999999999978215</x><y>-1.806602200333888</y></row><row><x>0.22999999999978193</x><y>-1.8144191949256</y></row><row><x>0.23999999999978172</x><y>-1.8219149902100755</y></row><row><x>0.2499999999997815</x><y>-1.8291136068987974</y></row><row><x>0.2599999999997813</x><y>-1.8360363253636682</y></row><row><x>0.2699999999997811</x><y>-1.842702090186533</y></row><row><x>0.27999999999978087</x><y>-1.8491278424242352</y></row><row><x>0.28999999999978066</x><y>-1.8553287945937398</y></row><row><x>0.29999999999978044</x><y>-1.861318659862874</y></row><row><x>0.30999999999978023</x><y>-1.8671098443271312</y></row><row><x>0.31999999999978</x><y>-1.8727136093030445</y></row><row><x>0.3299999999997798</x><y>-1.8781402090936987</y></row><row><x>0.3399999999997796</x><y>-1.883399008555744</y></row><row><x>0.3499999999997794</x><y>-1.8884985839294812</y></row><row><x>0.35999999999977916</x><y>-1.8934468097194042</y></row><row><x>0.36999999999977895</x><y>-1.8982509338845537</y></row><row><x>0.37999999999977874</x><y>-1.9029176431814934</y></row><row><x>0.3899999999997785</x><y>-1.9074531201718368</y></row><row><x>0.3999999999997783</x><y>-1.9118630931416687</y></row><row><x>0.4099999999997781</x><y>-1.9161528799672833</y></row><row><x>0.4199999999997779</x><y>-1.920327426789386</y></row><row><x>0.42999999999977767</x><y>-1.9243913422177426</y></row><row><x>0.43999999999977746</x><y>-1.9283489276734525</y></row><row><x>0.44999999999977724</x><y>-1.9322042043818395</y></row><row><x>0.45999999999977703</x><y>-1.9359609374509612</y></row><row><x>0.4699999999997768</x><y>-1.9396226574061057</y></row><row><x>0.4799999999997766</x><y>-1.943192679496798</y></row><row><x>0.4899999999997764</x><y>-1.9466741210476972</y></row><row><x>0.4999999999997762</x><y>-1.9500699170869151</y></row><row><x>0.509999999999776</x><y>-1.9533828344533384</y></row><row><x>0.5199999999997758</x><y>-1.9566154845574417</y></row><row><x>0.5299999999997755</x><y>-1.9597703349471847</y></row><row><x>0.5399999999997753</x><y>-1.962849719810985</y></row><row><x>0.5499999999997751</x><y>-1.9658558495329752</y></row><row><x>0.5599999999997749</x><y>-1.9687908194015178</y></row><row><x>0.5699999999997747</x><y>-1.9716566175594876</y></row><row><x>0.5799999999997745</x><y>-1.9744551322742883</y></row><row><x>0.5899999999997743</x><y>-1.9771881585963258</y></row><row><x>0.599999999999774</x><y>-1.979857404466672</y></row><row><x>0.6099999999997738</x><y>-1.9824644963277207</y></row><row><x>0.6199999999997736</x><y>-1.9850109842846575</y></row><row><x>0.6299999999997734</x><y>-1.9874983468601444</y></row><row><x>0.6399999999997732</x><y>-1.989927995380168</y></row><row><x>0.649999999999773</x><y>-1.9923012780248102</y></row><row><x>0.6599999999997728</x><y>-1.994619483574186</y></row><row><x>0.6699999999997726</x><y>-1.9968838448766892</y></row><row><x>0.6799999999997723</x><y>-1.999095542063833</y></row><row><x>0.6899999999997721</x><y>-2.001255705533569</y></row><row><x>0.6999999999997719</x><y>-2.003365418721811</y></row><row><x>0.7099999999997717</x><y>-2.0054257206799</y></row><row><x>0.7199999999997715</x><y>-2.007437608474066</y></row><row><x>0.7299999999997713</x><y>-2.0094020394214516</y></row><row><x>0.7399999999997711</x><y>-2.011319933175786</y></row><row><x>0.7499999999997708</x><y>-2.0131921736747067</y></row><row><x>0.7599999999997706</x><y>-2.015019610959527</y></row><row><x>0.7699999999997704</x><y>-2.0168030628773628</y></row><row><x>0.7799999999997702</x><y>-2.0185433166745375</y></row><row><x>0.78999999999977</x><y>-2.0202411304895307</y></row><row><x>0.7999999999997698</x><y>-2.0218972347528865</y></row><row><x>0.8099999999997696</x><y>-2.023512333500964</y></row><row><x>0.8199999999997694</x><y>-2.0250871056097752</y></row><row><x>0.8299999999997691</x><y>-2.026622205954616</y></row><row><x>0.8399999999997689</x><y>-2.028118266500794</y></row><row><x>0.8499999999997687</x><y>-2.0295758973302407</y></row><row><x>0.8599999999997685</x><y>-2.0309956876084816</y></row><row><x>0.8699999999997683</x><y>-2.0323782064959968</y></row><row><x>0.8799999999997681</x><y>-2.0337240040077753</y></row><row><x>0.8899999999997679</x><y>-2.035033611824505</y></row><row><x>0.8999999999997677</x><y>-2.036307544058601</y></row><row><x>0.9099999999997674</x><y>-2.0375462979780146</y></row><row><x>0.9199999999997672</x><y>-2.0387503546905497</y></row><row><x>0.929999999999767</x><y>-2.039920179791238</y></row><row><x>0.9399999999997668</x><y>-2.041056223975055</y></row><row><x>0.9499999999997666</x><y>-2.042158923617205</y></row><row><x>0.9599999999997664</x><y>-2.0432287013229073</y></row><row><x>0.9699999999997662</x><y>-2.044265966448616</y></row><row><x>0.979999999999766</x><y>-2.0452711155963628</y></row><row><x>0.9899999999997657</x><y>-2.046244533082836</y></row><row><x>0.9999999999997655</x><y>-2.0471865913846914</y></row><row><x>1.0099999999997653</x><y>-2.048097651561484</y></row><row><x>1.019999999999765</x><y>-2.0489780636575317</y></row><row><x>1.0299999999997649</x><y>-2.049828167083882</y></row><row><x>1.0399999999997647</x><y>-2.0506482909815524</y></row><row><x>1.0499999999997645</x><y>-2.051438754567046</y></row><row><x>1.0599999999997642</x><y>-2.052199867461174</y></row><row><x>1.069999999999764</x><y>-2.0529319300020545</y></row><row><x>1.0799999999997638</x><y>-2.0536352335431696</y></row><row><x>1.0899999999997636</x><y>-2.054310060737273</y></row><row><x>1.0999999999997634</x><y>-2.0549566858069164</y></row><row><x>1.1099999999997632</x><y>-2.055575374802236</y></row><row><x>1.119999999999763</x><y>-2.056166385846756</y></row><row><x>1.1299999999997627</x><y>-2.056729969371715</y></row><row><x>1.1399999999997625</x><y>-2.0572663683395738</y></row><row><x>1.1499999999997623</x><y>-2.0577758184572073</y></row><row><x>1.159999999999762</x><y>-2.0582585483792952</y></row><row><x>1.169999999999762</x><y>-2.0587147799023877</y></row><row><x>1.1799999999997617</x><y>-2.059144728150106</y></row><row><x>1.1899999999997615</x><y>-2.0595486017498756</y></row><row><x>1.1999999999997613</x><y>-2.0599266030015992</y></row><row><x>1.209999999999761</x><y>-2.0602789280386493</y></row><row><x>1.2199999999997608</x><y>-2.0606057669815168</y></row><row><x>1.2299999999997606</x><y>-2.060907304084434</y></row><row><x>1.2399999999997604</x><y>-2.0611837178753127</y></row><row><x>1.2499999999997602</x><y>-2.0614351812892573</y></row><row><x>1.25999999999976</x><y>-2.061661861795934</y></row><row><x>1.2699999999997598</x><y>-2.0618639215210646</y></row><row><x>1.2799999999997596</x><y>-2.0620415173622666</y></row><row><x>1.2899999999997593</x><y>-2.062194801099493</y></row><row><x>1.2999999999997591</x><y>-2.062323919500248</y></row><row><x>1.309999999999759</x><y>-2.062429014419822</y></row><row><x>1.3199999999997587</x><y>-2.062510222896701</y></row><row><x>1.3299999999997585</x><y>-2.0625676772433565</y></row><row><x>1.3399999999997583</x><y>-2.0626015051325424</y></row><row><x>1.349999999999758</x><y>-2.062611829679311</y></row><row><x>1.3599999999997578</x><y>-2.062598769518847</y></row><row><x>1.3699999999997576</x><y>-2.062562438880274</y></row><row><x>1.3799999999997574</x><y>-2.0625029476565913</y></row><row><x>1.3899999999997572</x><y>-2.0624204014707836</y></row><row><x>1.399999999999757</x><y>-2.062314901738336</y></row><row><x>1.4099999999997568</x><y>-2.062186545726137</y></row><row><x>1.4199999999997566</x><y>-2.0620354266079572</y></row><row><x>1.4299999999997564</x><y>-2.0618616335165414</y></row><row><x>1.4399999999997561</x><y>-2.0616652515924434</y></row><row><x>1.449999999999756</x><y>-2.0614463620296504</y></row><row><x>1.4599999999997557</x><y>-2.0612050421180586</y></row><row><x>1.4699999999997555</x><y>-2.060941365282937</y></row><row><x>1.4799999999997553</x><y>-2.0606554011213345</y></row><row><x>1.489999999999755</x><y>-2.0603472154355966</y></row><row><x>1.4999999999997549</x><y>-2.060016870263955</y></row><row><x>1.5099999999997546</x><y>-2.059664423908288</y></row><row><x>1.5199999999997544</x><y>-2.0592899309590815</y></row><row><x>1.5299999999997542</x><y>-2.058893442317593</y></row><row><x>1.539999999999754</x><y>-2.0584750052153207</y></row><row><x>1.5499999999997538</x><y>-2.058034663230727</y></row><row><x>1.5599999999997536</x><y>-2.057572456303296</y></row><row><x>1.5699999999997534</x><y>-2.057088420744909</y></row><row><x>1.5799999999997532</x><y>-2.0565825892485616</y></row><row><x>1.589999999999753</x><y>-2.056054990894449</y></row><row><x>1.5999999999997527</x><y>-2.055505651153397</y></row><row><x>1.6099999999997525</x><y>-2.05493459188764</y></row><row><x>1.6199999999997523</x><y>-2.0543418313489714</y></row><row><x>1.629999999999752</x><y>-2.0537273841742203</y></row><row><x>1.6399999999997519</x><y>-2.053091261378085</y></row><row><x>1.6499999999997517</x><y>-2.0524334703432503</y></row><row><x>1.6599999999997515</x><y>-2.051754014807805</y></row><row><x>1.6699999999997512</x><y>-2.0510528948499496</y></row><row><x>1.679999999999751</x><y>-2.0503301068699114</y></row><row><x>1.6899999999997508</x><y>-2.04958564356906</y></row><row><x>1.6999999999997506</x><y>-2.0488194939262074</y></row><row><x>1.7099999999997504</x><y>-2.048031643170989</y></row><row><x>1.7199999999997502</x><y>-2.047222072754331</y></row><row><x>1.72999999999975</x><y>-2.046390760315912</y></row><row><x>1.7399999999997497</x><y>-2.0455376796485774</y></row><row><x>1.7499999999997495</x><y>-2.044662800659634</y></row><row><x>1.7599999999997493</x><y>-2.0437660893289467</y></row><row><x>1.769999999999749</x><y>-2.0428475076637804</y></row><row><x>1.779999999999749</x><y>-2.041907013650245</y></row><row><x>1.7899999999997487</x><y>-2.0409445612013526</y></row><row><x>1.7999999999997485</x><y>-2.0399601001014855</y></row><row><x>1.8099999999997483</x><y>-2.0389535759472306</y></row><row><x>1.819999999999748</x><y>-2.0379249300844515</y></row><row><x>1.8299999999997478</x><y>-2.0368740995414787</y></row><row><x>1.8399999999997476</x><y>-2.0358010169582914</y></row><row><x>1.8499999999997474</x><y>-2.0347056105115477</y></row><row><x>1.8599999999997472</x><y>-2.0335878038353283</y></row><row><x>1.869999999999747</x><y>-2.032447515937428</y></row><row><x>1.8799999999997468</x><y>-2.0312846611110307</y></row><row><x>1.8899999999997465</x><y>-2.030099148841606</y></row><row><x>1.8999999999997463</x><y>-2.0288908837088178</y></row><row><x>1.9099999999997461</x><y>-2.027659765283263</y></row><row><x>1.919999999999746</x><y>-2.0264056880178214</y></row><row><x>1.9299999999997457</x><y>-2.0251285411333906</y></row><row><x>1.9399999999997455</x><y>-2.023828208498776</y></row><row><x>1.9499999999997453</x><y>-2.0225045685044645</y></row><row><x>1.959999999999745</x><y>-2.021157493930032</y></row><row><x>1.9699999999997448</x><y>-2.019786851804877</y></row><row><x>1.9799999999997446</x><y>-2.0183925032619965</y></row><row><x>1.9899999999997444</x><y>-2.0169743033844627</y></row><row><x>1.9999999999997442</x><y>-2.015532101044253</y></row><row><x>2.009999999999744</x><y>-2.0140657387330902</y></row><row><x>2.019999999999744</x><y>-2.0125750523848667</y></row><row><x>2.0299999999997436</x><y>-2.011059871189269</y></row><row><x>2.0399999999997434</x><y>-2.009520017396138</y></row><row><x>2.049999999999743</x><y>-2.0079553061101043</y></row><row><x>2.059999999999743</x><y>-2.006365545074994</y></row><row><x>2.0699999999997427</x><y>-2.0047505344474628</y></row><row><x>2.0799999999997425</x><y>-2.003110066559293</y></row><row><x>2.0899999999997423</x><y>-2.0014439256677448</y></row><row><x>2.099999999999742</x><y>-1.9997518876933167</y></row><row><x>2.109999999999742</x><y>-1.9980337199441944</y></row><row><x>2.1199999999997416</x><y>-1.9962891808266903</y></row><row><x>2.1299999999997414</x><y>-1.9945180195408347</y></row><row><x>2.139999999999741</x><y>-1.9927199757602954</y></row><row><x>2.149999999999741</x><y>-1.9908947792957268</y></row><row><x>2.159999999999741</x><y>-1.9890421497405497</y></row><row><x>2.1699999999997406</x><y>-1.9871617960981447</y></row><row><x>2.1799999999997404</x><y>-1.9852534163893187</y></row><row><x>2.18999999999974</x><y>-1.9833166972388707</y></row><row><x>2.19999999999974</x><y>-1.981351313439975</y></row><row><x>2.2099999999997397</x><y>-1.9793569274949587</y></row><row><x>2.2199999999997395</x><y>-1.9773331891310368</y></row><row><x>2.2299999999997393</x><y>-1.9752797347893931</y></row><row><x>2.239999999999739</x><y>-1.9731961870858767</y></row><row><x>2.249999999999739</x><y>-1.971082154241469</y></row><row><x>2.2599999999997387</x><y>-1.968937229480538</y></row><row><x>2.2699999999997384</x><y>-1.9667609903946992</y></row><row><x>2.2799999999997382</x><y>-1.9645529982699885</y></row><row><x>2.289999999999738</x><y>-1.962312797374795</y></row><row><x>2.299999999999738</x><y>-1.9600399142058902</y></row><row><x>2.3099999999997376</x><y>-1.957733856689535</y></row><row><x>2.3199999999997374</x><y>-1.9553941133345332</y></row><row><x>2.329999999999737</x><y>-1.9530201523337571</y></row><row><x>2.339999999999737</x><y>-1.950611420610362</y></row><row><x>2.3499999999997367</x><y>-1.948167342804646</y></row><row><x>2.3599999999997365</x><y>-1.9456873201970595</y></row><row><x>2.3699999999997363</x><y>-1.943170729562592</y></row><row><x>2.379999999999736</x><y>-1.9406169219512075</y></row><row><x>2.389999999999736</x><y>-1.9380252213885951</y></row><row><x>2.3999999999997357</x><y>-1.9353949234909469</y></row><row><x>2.4099999999997355</x><y>-1.9327252939868904</y></row><row><x>2.4199999999997353</x><y>-1.9300155671390256</y></row><row><x>2.429999999999735</x><y>-1.92726494405682</y></row><row><x>2.439999999999735</x><y>-1.9244725908918228</y></row><row><x>2.4499999999997346</x><y>-1.921637636905168</y></row><row><x>2.4599999999997344</x><y>-1.9187591723964992</y></row><row><x>2.469999999999734</x><y>-1.9158362464821268</y></row><row><x>2.479999999999734</x><y>-1.9128678647091806</y></row><row><x>2.4899999999997338</x><y>-1.90985298649095</y></row><row><x>2.4999999999997335</x><y>-1.9067905223471426</y></row><row><x>2.5099999999997333</x><y>-1.903679330930963</y></row><row><x>2.519999999999733</x><y>-1.9005182158229614</y></row><row><x>2.529999999999733</x><y>-1.8973059220693258</y></row><row><x>2.5399999999997327</x><y>-1.894041132439756</y></row><row><x>2.5499999999997325</x><y>-1.8907224633772102</y></row><row><x>2.5599999999997323</x><y>-1.8873484606085267</y></row><row><x>2.569999999999732</x><y>-1.8839175943812032</y></row><row><x>2.579999999999732</x><y>-1.8804282542874382</y></row><row><x>2.5899999999997316</x><y>-1.8768787436316632</y></row><row><x>2.5999999999997314</x><y>-1.8732672732922933</y></row><row><x>2.609999999999731</x><y>-1.8695919550220934</y></row><row><x>2.619999999999731</x><y>-1.8658507941242615</y></row><row><x>2.6299999999997308</x><y>-1.862041681432924</y></row><row><x>2.6399999999997306</x><y>-1.8581623845170514</y></row><row><x>2.6499999999997303</x><y>-1.854210538015518</y></row><row><x>2.65999999999973</x><y>-1.8501836329979855</y></row><row><x>2.66999999999973</x><y>-1.846079005231003</y></row><row><x>2.6799999999997297</x><y>-1.8418938222109054</y></row><row><x>2.6899999999997295</x><y>-1.8376250688042095</y></row><row><x>2.6999999999997293</x><y>-1.8332695313115173</y></row><row><x>2.709999999999729</x><y>-1.828823779741984</y></row><row><x>2.719999999999729</x><y>-1.8242841480508378</y></row><row><x>2.7299999999997286</x><y>-1.8196467120516162</y></row><row><x>2.7399999999997284</x><y>-1.8149072646657005</y></row><row><x>2.749999999999728</x><y>-1.8100612881131841</y></row><row><x>2.759999999999728</x><y>-1.8051039225784207</y></row><row><x>2.769999999999728</x><y>-1.800029930798071</y></row><row><x>2.7799999999997276</x><y>-1.7948336579157023</y></row><row><x>2.7899999999997274</x><y>-1.789508985820043</y></row><row><x>2.799999999999727</x><y>-1.7840492810282065</y></row><row><x>2.809999999999727</x><y>-1.7784473349829728</y></row><row><x>2.8199999999997267</x><y>-1.7726952953942698</y></row><row><x>2.8299999999997265</x><y>-1.7667845869567487</y></row><row><x>2.8399999999997263</x><y>-1.7607058194000527</y></row><row><x>2.849999999999726</x><y>-1.7544486803533335</y></row><row><x>2.859999999999726</x><y>-1.7480018098996306</y></row><row><x>2.8699999999997257</x><y>-1.741352652916717</y></row><row><x>2.8799999999997254</x><y>-1.7344872842915426</y></row><row><x>2.8899999999997252</x><y>-1.7273902007750352</y></row><row><x>2.899999999999725</x><y>-1.7200440715012029</y></row><row><x>2.909999999999725</x><y>-1.7124294368699073</y></row><row><x>2.9199999999997246</x><y>-1.7045243423582868</y></row><row><x>2.9299999999997244</x><y>-1.6963038895488085</y></row><row><x>2.939999999999724</x><y>-1.6877396807505707</y></row><row><x>2.949999999999724</x><y>-1.6787991253049042</y></row><row><x>2.9599999999997237</x><y>-1.6694445638748454</y></row><row><x>2.9699999999997235</x><y>-1.6596321499542148</y></row><row><x>2.9799999999997233</x><y>-1.6493104026798957</y></row><row><x>2.989999999999723</x><y>-1.638418307194025</y></row><row><x>2.999999999999723</x><y>-1.6268827805803272</y></row><row><x>3.0099999999997227</x><y>-1.6146152295048808</y></row><row><x>3.0199999999997225</x><y>-1.6015067764440403</y></row><row><x>3.0299999999997222</x><y>-1.5874214809666212</y></row><row><x>3.039999999999722</x><y>-1.5721864463817974</y></row><row><x>3.049999999999722</x><y>-1.5555769087199218</y></row><row><x>3.0599999999997216</x><y>-1.5372928863969346</y></row><row><x>3.0699999999997214</x><y>-1.5169208790468014</y></row><row><x>3.079999999999721</x><y>-1.493867331229246</y></row><row><x>3.089999999999721</x><y>-1.4672342809577548</y></row><row><x>3.0999999999997208</x><y>-1.4355633694110843</y></row><row><x>3.1099999999997205</x><y>-1.396232776457645</y></row><row><x>3.1199999999997203</x><y>-1.3437139333696446</y></row><row><x>3.12999999999972</x><y>-1.2623215407710517</y></row><row><x>3.13999999999972</x><y>-1.0347556758262861</y></row><row><x>3.1499999999997197</x><y>-1.2216985140560834</y></row><row><x>3.1599999999997195</x><y>-1.3208947876208283</y></row><row><x>3.1699999999997193</x><y>-1.379055107999414</y></row><row><x>3.179999999999719</x><y>-1.420848986890761</y></row><row><x>3.189999999999719</x><y>-1.4536640405044214</y></row><row><x>3.1999999999997186</x><y>-1.4807597006767335</y></row><row><x>3.2099999999997184</x><y>-1.5038742516545487</y></row><row><x>3.219999999999718</x><y>-1.5240486362435919</y></row><row><x>3.229999999999718</x><y>-1.5419574150341944</y></row><row><x>3.2399999999997178</x><y>-1.5580635977652166</y></row><row><x>3.2499999999997176</x><y>-1.5726992371070838</y></row><row><x>3.2599999999997173</x><y>-1.5861108523864984</y></row><row><x>3.269999999999717</x><y>-1.5984866625441785</y></row><row><x>3.279999999999717</x><y>-1.6099737415247763</y></row><row><x>3.2899999999997167</x><y>-1.6206892730663103</y></row><row><x>3.2999999999997165</x><y>-1.6307281892778875</y></row><row><x>3.3099999999997163</x><y>-1.6401685064444076</y></row><row><x>3.319999999999716</x><y>-1.6490751457702468</y></row><row><x>3.329999999999716</x><y>-1.657502728830776</y></row><row><x>3.3399999999997156</x><y>-1.66549766191002</y></row><row><x>3.3499999999997154</x><y>-1.6730997163441876</y></row><row><x>3.359999999999715</x><y>-1.6803432447434705</y></row><row><x>3.369999999999715</x><y>-1.6872581295966844</y></row><row><x>3.379999999999715</x><y>-1.6938705321313197</y></row><row><x>3.3899999999997146</x><y>-1.7002034899962197</y></row><row><x>3.3999999999997144</x><y>-1.7062773990678566</y></row><row><x>3.409999999999714</x><y>-1.712110405406384</y></row><row><x>3.419999999999714</x><y>-1.7177187268009537</y></row><row><x>3.4299999999997137</x><y>-1.723116918598276</y></row><row><x>3.4399999999997135</x><y>-1.7283180950442574</y></row><row><x>3.4499999999997133</x><y>-1.733334114808479</y></row><row><x>3.459999999999713</x><y>-1.738175737448297</y></row><row><x>3.469999999999713</x><y>-1.7428527561245974</y></row><row><x>3.4799999999997127</x><y>-1.7473741107796488</y></row><row><x>3.4899999999997124</x><y>-1.7517479851398239</y></row><row><x>3.4999999999997122</x><y>-1.755981890248228</y></row><row><x>3.509999999999712</x><y>-1.7600827367176415</y></row><row><x>3.519999999999712</x><y>-1.7640568974888597</y></row><row><x>3.5299999999997116</x><y>-1.7679102625576277</y></row><row><x>3.5399999999997114</x><y>-1.7716482868763888</y></row><row><x>3.549999999999711</x><y>-1.7752760324304182</y></row><row><x>3.559999999999711</x><y>-1.7787982053208475</y></row><row><x>3.5699999999997107</x><y>-1.782219188551181</y></row><row><x>3.5799999999997105</x><y>-1.7855430711029523</y></row><row><x>3.5899999999997103</x><y>-1.7887736737948057</y></row><row><x>3.59999999999971</x><y>-1.7919145723440324</y></row><row><x>3.60999999999971</x><y>-1.794969117987134</y></row><row><x>3.6199999999997097</x><y>-1.7979404559638992</y></row><row><x>3.6299999999997095</x><y>-1.8008315421260588</y></row><row><x>3.6399999999997092</x><y>-1.8036451578949004</y></row><row><x>3.649999999999709</x><y>-1.8063839237616042</y></row><row><x>3.659999999999709</x><y>-1.8090503114978433</y></row><row><x>3.6699999999997086</x><y>-1.8116466552221844</y></row><row><x>3.6799999999997084</x><y>-1.814175161448923</y></row><row><x>3.689999999999708</x><y>-1.8166379182299381</y></row><row><x>3.699999999999708</x><y>-1.8190369034862839</y></row><row><x>3.7099999999997078</x><y>-1.8213739926144932</y></row><row><x>3.7199999999997075</x><y>-1.8236509654421815</y></row><row><x>3.7299999999997073</x><y>-1.8258695125988678</y></row><row><x>3.739999999999707</x><y>-1.8280312413601358</y></row><row><x>3.749999999999707</x><y>-1.8301376810166818</y></row><row><x>3.7599999999997067</x><y>-1.8321902878139544</y></row><row><x>3.7699999999997065</x><y>-1.8341904495030559</y></row><row><x>3.7799999999997063</x><y>-1.8361394895390932</y></row><row><x>3.789999999999706</x><y>-1.838038670959374</y></row><row><x>3.799999999999706</x><y>-1.8398891999703115</y></row><row><x>3.8099999999997056</x><y>-1.841692229268959</y></row><row><x>3.8199999999997054</x><y>-1.8434488611224622</y></row><row><x>3.829999999999705</x><y>-1.845160150226278</y></row><row><x>3.839999999999705</x><y>-1.846827106360021</y></row><row><x>3.8499999999997048</x><y>-1.8484506968579038</y></row><row><x>3.8599999999997046</x><y>-1.850031848909081</y></row><row><x>3.8699999999997043</x><y>-1.851571451701805</y></row><row><x>3.879999999999704</x><y>-1.8530703584239063</y></row><row><x>3.889999999999704</x><y>-1.8545293881310434</y></row><row><x>3.8999999999997037</x><y>-1.8559493274930392</y></row><row><x>3.9099999999997035</x><y>-1.8573309324277267</y></row><row><x>3.9199999999997033</x><y>-1.858674929630898</y></row><row><x>3.929999999999703</x><y>-1.8599820180101285</y></row><row><x>3.939999999999703</x><y>-1.8612528700296884</y></row><row><x>3.9499999999997026</x><y>-1.86248813297298</y></row><row><x>3.9599999999997024</x><y>-1.8636884301285332</y></row><row><x>3.969999999999702</x><y>-1.8648543619050204</y></row><row><x>3.979999999999702</x><y>-1.8659865068802701</y></row><row><x>3.989999999999702</x><y>-1.867085422788929</y></row><row><x>3.9999999999997016</x><y>-1.8681516474529813</y></row><row><x>4.009999999999701</x><y>-1.8691856996590328</y></row><row><x>4.019999999999701</x><y>-1.8701880799859218</y></row><row><x>4.029999999999701</x><y>-1.8711592715859997</y></row><row><x>4.039999999999701</x><y>-1.8720997409230866</y></row><row><x>4.0499999999997005</x><y>-1.873009938469962</y></row><row><x>4.0599999999997</x><y>-1.8738902993679627</y></row><row><x>4.0699999999997</x><y>-1.874741244051116</y></row><row><x>4.0799999999997</x><y>-1.8755631788370062</y></row><row><x>4.0899999999997</x><y>-1.876356496486496</y></row><row><x>4.099999999999699</x><y>-1.8771215767341651</y></row><row><x>4.109999999999699</x><y>-1.8778587867912666</y></row><row><x>4.119999999999699</x><y>-1.878568481822862</y></row><row><x>4.129999999999699</x><y>-1.8792510054006555</y></row><row><x>4.139999999999699</x><y>-1.8799066899329662</y></row><row><x>4.149999999999698</x><y>-1.88053585707315</y></row><row><x>4.159999999999698</x><y>-1.8811388181077484</y></row><row><x>4.169999999999698</x><y>-1.881715874325465</y></row><row><x>4.179999999999698</x><y>-1.88226731736811</y></row><row><x>4.1899999999996975</x><y>-1.882793429564444</y></row><row><x>4.199999999999697</x><y>-1.8832944842479422</y></row><row><x>4.209999999999697</x><y>-1.883770746059276</y></row><row><x>4.219999999999697</x><y>-1.8842224712344098</y></row><row><x>4.229999999999697</x><y>-1.8846499078790058</y></row><row><x>4.2399999999996965</x><y>-1.885053296229916</y></row><row><x>4.249999999999696</x><y>-1.8854328689043975</y></row><row><x>4.259999999999696</x><y>-1.8857888511377143</y></row><row><x>4.269999999999696</x><y>-1.8861214610096635</y></row><row><x>4.279999999999696</x><y>-1.8864309096606435</y></row><row><x>4.289999999999695</x><y>-1.8867174014977566</y></row><row><x>4.299999999999695</x><y>-1.8869811343914011</y></row><row><x>4.309999999999695</x><y>-1.8872222998628896</y></row><row><x>4.319999999999695</x><y>-1.8874410832634394</y></row><row><x>4.3299999999996945</x><y>-1.8876376639450134</y></row><row><x>4.339999999999694</x><y>-1.8878122154233308</y></row><row><x>4.349999999999694</x><y>-1.8879649055334602</y></row><row><x>4.359999999999694</x><y>-1.8880958965782915</y></row><row><x>4.369999999999694</x><y>-1.8882053454702195</y></row><row><x>4.3799999999996935</x><y>-1.8882934038663528</y></row><row><x>4.389999999999693</x><y>-1.8883602182974821</y></row><row><x>4.399999999999693</x><y>-1.8884059302911498</y></row><row><x>4.409999999999693</x><y>-1.8884306764889844</y></row><row><x>4.419999999999693</x><y>-1.8884345887585896</y></row><row><x>4.429999999999692</x><y>-1.8884177943002034</y></row><row><x>4.439999999999692</x><y>-1.888380415748305</y></row><row><x>4.449999999999692</x><y>-1.8883225712684042</y></row><row><x>4.459999999999692</x><y>-1.8882443746491748</y></row><row><x>4.4699999999996916</x><y>-1.8881459353901011</y></row><row><x>4.479999999999691</x><y>-1.8880273587848213</y></row><row><x>4.489999999999691</x><y>-1.8878887460003102</y></row><row><x>4.499999999999691</x><y>-1.8877301941520321</y></row><row><x>4.509999999999691</x><y>-1.8875517963752253</y></row><row><x>4.5199999999996905</x><y>-1.8873536418924357</y></row><row><x>4.52999999999969</x><y>-1.8871358160773983</y></row><row><x>4.53999999999969</x><y>-1.8868984005154181</y></row><row><x>4.54999999999969</x><y>-1.8866414730603183</y></row><row><x>4.55999999999969</x><y>-1.8863651078880732</y></row><row><x>4.569999999999689</x><y>-1.8860693755472142</y></row><row><x>4.579999999999689</x><y>-1.8857543430060986</y></row><row><x>4.589999999999689</x><y>-1.8854200736970983</y></row><row><x>4.599999999999689</x><y>-1.8850666275578145</y></row><row><x>4.609999999999689</x><y>-1.8846940610693583</y></row><row><x>4.619999999999688</x><y>-1.8843024272917774</y></row><row><x>4.629999999999688</x><y>-1.8838917758966849</y></row><row><x>4.639999999999688</x><y>-1.8834621531971134</y></row><row><x>4.649999999999688</x><y>-1.8830136021747044</y></row><row><x>4.6599999999996875</x><y>-1.8825461625042048</y></row><row><x>4.669999999999687</x><y>-1.8820598705753528</y></row><row><x>4.679999999999687</x><y>-1.881554759512176</y></row><row><x>4.689999999999687</x><y>-1.881030859189736</y></row><row><x>4.699999999999687</x><y>-1.8804881962483204</y></row><row><x>4.709999999999686</x><y>-1.879926794105151</y></row><row><x>4.719999999999686</x><y>-1.879346672963557</y></row><row><x>4.729999999999686</x><y>-1.8787478498196977</y></row><row><x>4.739999999999686</x><y>-1.8781303384667964</y></row><row><x>4.749999999999686</x><y>-1.8774941494968929</y></row><row><x>4.759999999999685</x><y>-1.8768392903001405</y></row><row><x>4.769999999999685</x><y>-1.8761657650616097</y></row><row><x>4.779999999999685</x><y>-1.8754735747556297</y></row><row><x>4.789999999999685</x><y>-1.8747627171376142</y></row><row><x>4.7999999999996845</x><y>-1.8740331867333764</y></row><row><x>4.809999999999684</x><y>-1.8732849748259317</y></row><row><x>4.819999999999684</x><y>-1.8725180694397108</y></row><row><x>4.829999999999684</x><y>-1.8717324553222099</y></row><row><x>4.839999999999684</x><y>-1.8709281139230072</y></row><row><x>4.8499999999996835</x><y>-1.870105023370131</y></row><row><x>4.859999999999683</x><y>-1.869263158443712</y></row><row><x>4.869999999999683</x><y>-1.868402490546891</y></row><row><x>4.879999999999683</x><y>-1.867522987673933</y></row><row><x>4.889999999999683</x><y>-1.8666246143754726</y></row><row><x>4.899999999999682</x><y>-1.8657073317208215</y></row><row><x>4.909999999999682</x><y>-1.8647710972573246</y></row><row><x>4.919999999999682</x><y>-1.8638158649666</y></row><row><x>4.929999999999682</x><y>-1.8628415852176707</y></row><row><x>4.9399999999996815</x><y>-1.8618482047168514</y></row><row><x>4.949999999999681</x><y>-1.8608356664543002</y></row><row><x>4.959999999999681</x><y>-1.8598039096471588</y></row><row><x>4.969999999999681</x><y>-1.8587528696791513</y></row><row><x>4.979999999999681</x><y>-1.857682478036556</y></row><row><x>4.9899999999996805</x><y>-1.8565926622403766</y></row><row><x>4.99999999999968</x><y>-1.8554833457746585</y></row><row><x>5.00999999999968</x><y>-1.854354448010722</y></row><row><x>5.01999999999968</x><y>-1.853205884127263</y></row><row><x>5.02999999999968</x><y>-1.8520375650260703</y></row><row><x>5.039999999999679</x><y>-1.8508493972432527</y></row><row><x>5.049999999999679</x><y>-1.8496412828557924</y></row><row><x>5.059999999999679</x><y>-1.8484131193831956</y></row><row><x>5.069999999999679</x><y>-1.8471647996840839</y></row><row><x>5.0799999999996786</x><y>-1.8458962118474953</y></row><row><x>5.089999999999678</x><y>-1.8446072390786525</y></row><row><x>5.099999999999678</x><y>-1.8432977595789857</y></row><row><x>5.109999999999678</x><y>-1.8419676464201151</y></row><row><x>5.119999999999678</x><y>-1.8406167674115714</y></row><row><x>5.1299999999996775</x><y>-1.8392449849618873</y></row><row><x>5.139999999999677</x><y>-1.8378521559328445</y></row><row><x>5.149999999999677</x><y>-1.8364381314864495</y></row><row><x>5.159999999999677</x><y>-1.835002756924364</y></row><row><x>5.169999999999677</x><y>-1.8335458715193724</y></row><row><x>5.179999999999676</x><y>-1.8320673083385086</y></row><row><x>5.189999999999676</x><y>-1.8305668940574018</y></row><row><x>5.199999999999676</x><y>-1.829044448765416</y></row><row><x>5.209999999999676</x><y>-1.8274997857610638</y></row><row><x>5.219999999999676</x><y>-1.8259327113372195</y></row><row><x>5.229999999999675</x><y>-1.8243430245555683</y></row><row><x>5.239999999999675</x><y>-1.822730517009694</y></row><row><x>5.249999999999675</x><y>-1.8210949725762013</y></row><row><x>5.259999999999675</x><y>-1.8194361671532011</y></row><row><x>5.2699999999996745</x><y>-1.8177538683854404</y></row><row><x>5.279999999999674</x><y>-1.816047835375315</y></row><row><x>5.289999999999674</x><y>-1.8143178183789603</y></row><row><x>5.299999999999674</x><y>-1.8125635584865374</y></row><row><x>5.309999999999674</x><y>-1.8107847872857714</y></row><row><x>5.319999999999673</x><y>-1.8089812265077672</y></row><row><x>5.329999999999673</x><y>-1.8071525876540022</y></row><row><x>5.339999999999673</x><y>-1.805298571603339</y></row><row><x>5.349999999999673</x><y>-1.803418868197838</y></row><row><x>5.359999999999673</x><y>-1.8015131558060395</y></row><row><x>5.369999999999672</x><y>-1.7995811008622409</y></row><row><x>5.379999999999672</x><y>-1.7976223573802808</y></row><row><x>5.389999999999672</x><y>-1.7956365664401286</y></row><row><x>5.399999999999672</x><y>-1.7936233556455137</y></row><row><x>5.4099999999996715</x><y>-1.791582338550632</y></row><row><x>5.419999999999671</x><y>-1.7895131140538758</y></row><row><x>5.429999999999671</x><y>-1.787415265756306</y></row><row><x>5.439999999999671</x><y>-1.7852883612824397</y></row><row><x>5.449999999999671</x><y>-1.7831319515607116</y></row><row><x>5.4599999999996705</x><y>-1.7809455700607302</y></row><row><x>5.46999999999967</x><y>-1.7787287319842646</y></row><row><x>5.47999999999967</x><y>-1.776480933406537</y></row><row><x>5.48999999999967</x><y>-1.7742016503642248</y></row><row><x>5.49999999999967</x><y>-1.7718903378861146</y></row><row><x>5.509999999999669</x><y>-1.7695464289621619</y></row><row><x>5.519999999999669</x><y>-1.7671693334461394</y></row><row><x>5.529999999999669</x><y>-1.7647584368867872</y></row><row><x>5.539999999999669</x><y>-1.762313099281808</y></row><row><x>5.5499999999996685</x><y>-1.7598326537485198</y></row><row><x>5.559999999999668</x><y>-1.7573164051044956</y></row><row><x>5.569999999999668</x><y>-1.7547636283506982</y></row><row><x>5.579999999999668</x><y>-1.7521735670491034</y></row><row><x>5.589999999999668</x><y>-1.7495454315858134</y></row><row><x>5.5999999999996675</x><y>-1.7468783973098867</y></row><row><x>5.609999999999667</x><y>-1.7441716025370868</y></row><row><x>5.619999999999667</x><y>-1.7414241464065963</y></row><row><x>5.629999999999667</x><y>-1.738635086577544</y></row><row><x>5.639999999999667</x><y>-1.7358034367507627</y></row><row><x>5.649999999999666</x><y>-1.7329281639996106</y></row><row><x>5.659999999999666</x><y>-1.7300081858919318</y></row><row><x>5.669999999999666</x><y>-1.7270423673832507</y></row><row><x>5.679999999999666</x><y>-1.724029517458948</y></row><row><x>5.6899999999996655</x><y>-1.7209683855007392</y></row><row><x>5.699999999999665</x><y>-1.7178576573497146</y></row><row><x>5.709999999999665</x><y>-1.714695951035066</y></row><row><x>5.719999999999665</x><y>-1.711481812133709</y></row><row><x>5.729999999999665</x><y>-1.708213708721837</y></row><row><x>5.7399999999996645</x><y>-1.7048900258744537</y></row><row><x>5.749999999999664</x><y>-1.7015090596633589</y></row><row><x>5.759999999999664</x><y>-1.69806901059753</y></row><row><x>5.769999999999664</x><y>-1.6945679764424495</y></row><row><x>5.779999999999664</x><y>-1.6910039443462324</y></row><row><x>5.789999999999663</x><y>-1.687374782190497</y></row><row><x>5.799999999999663</x><y>-1.6836782290722636</y></row><row><x>5.809999999999663</x><y>-1.6799118848096941</y></row><row><x>5.819999999999663</x><y>-1.6760731983486312</y></row><row><x>5.829999999999663</x><y>-1.6721594549284489</y></row><row><x>5.839999999999662</x><y>-1.6681677618438762</y></row><row><x>5.849999999999662</x><y>-1.6640950326137907</y></row><row><x>5.859999999999662</x><y>-1.659937969337493</y></row><row><x>5.869999999999662</x><y>-1.655693042982817</y></row><row><x>5.8799999999996615</x><y>-1.6513564713071716</y></row><row><x>5.889999999999661</x><y>-1.6469241940608863</y></row><row><x>5.899999999999661</x><y>-1.6423918450598904</y></row><row><x>5.909999999999661</x><y>-1.6377547206394754</y></row><row><x>5.919999999999661</x><y>-1.6330077439094073</y></row><row><x>5.92999999999966</x><y>-1.62814542411902</y></row><row><x>5.93999999999966</x><y>-1.6231618103040018</y></row><row><x>5.94999999999966</x><y>-1.6180504382176681</y></row><row><x>5.95999999999966</x><y>-1.61280426933995</y></row><row><x>5.96999999999966</x><y>-1.6074156204957657</y></row><row><x>5.979999999999659</x><y>-1.6018760822859668</y></row><row><x>5.989999999999659</x><y>-1.596176424118346</y></row><row><x>5.999999999999659</x><y>-1.5903064830969944</y></row><row><x>6.009999999999657</x><y>-1.584255033348454</y></row><row><x>6.0199999999996585</x><y>-1.5780096314835348</y></row><row><x>6.02999999999966</x><y>-1.571556432744892</y></row><row><x>6.039999999999658</x><y>-1.5648799708762506</y></row><row><x>6.049999999999656</x><y>-1.5579628927332012</y></row><row><x>6.059999999999658</x><y>-1.5507856359419196</y></row><row><x>6.069999999999659</x><y>-1.5433260342166362</y></row><row><x>6.079999999999657</x><y>-1.5355588298497462</y></row><row><x>6.089999999999655</x><y>-1.527455065761036</y></row><row><x>6.099999999999657</x><y>-1.5189813193744794</y></row><row><x>6.109999999999658</x><y>-1.510098725989562</y></row><row><x>6.119999999999656</x><y>-1.5007617178568757</y></row><row><x>6.129999999999654</x><y>-1.4909163729984314</y></row><row><x>6.139999999999656</x><y>-1.4804982184980184</y></row><row><x>6.1499999999996575</x><y>-1.4694292554812105</y></row><row><x>6.1599999999996555</x><y>-1.4576138477276475</y></row><row><x>6.1699999999996535</x><y>-1.444932906809896</y></row><row><x>6.179999999999655</x><y>-1.4312354448400344</y></row><row><x>6.189999999999657</x><y>-1.4163259126183976</y></row><row><x>6.199999999999655</x><y>-1.3999445013220377</y></row><row><x>6.209999999999653</x><y>-1.3817350899615954</y></row><row><x>6.219999999999654</x><y>-1.3611901203221208</y></row><row><x>6.229999999999656</x><y>-1.3375488984911166</y></row><row><x>6.239999999999654</x><y>-1.3095918590656583</y></row><row><x>6.249999999999652</x><y>-1.2751678547027478</y></row><row><x>6.259999999999653</x><y>-1.2298807568898276</y></row><row><x>6.269999999999655</x><y>-1.1620324015505157</y></row><row><x>6.279999999999653</x><y>-1.0078371876688348</y></row><row><x>6.289999999999651</x><y>-1.087137440117776</y></row><row><x>6.2999999999996525</x><y>-1.189520245873902</y></row><row><x>6.309999999999654</x><y>-1.2459536595947593</y></row><row><x>6.319999999999652</x><y>-1.2856623656248602</y></row><row><x>6.32999999999965</x><y>-1.3165027763897517</y></row><row><x>6.339999999999652</x><y>-1.3417973153740146</y></row><row><x>6.349999999999653</x><y>-1.3632762942177368</y></row><row><x>6.359999999999651</x><y>-1.3819600544259445</y></row><row><x>6.369999999999649</x><y>-1.3985026695099585</y></row><row><x>6.379999999999651</x><y>-1.4133494718195876</y></row><row><x>6.389999999999652</x><y>-1.4268178413252899</y></row><row><x>6.39999999999965</x><y>-1.4391422280855681</y></row><row><x>6.409999999999648</x><y>-1.4505009054499038</y></row><row><x>6.41999999999965</x><y>-1.4610327021488076</y></row><row><x>6.4299999999996515</x><y>-1.4708479140798596</y></row><row><x>6.43999999999965</x><y>-1.480035672987884</y></row><row><x>6.449999999999648</x><y>-1.4886690717099071</y></row><row><x>6.459999999999649</x><y>-1.4968088205703851</y></row><row><x>6.469999999999651</x><y>-1.504505913945802</y></row><row><x>6.479999999999649</x><y>-1.5118036128443448</y></row><row><x>6.489999999999647</x><y>-1.518738944299385</y></row><row><x>6.499999999999648</x><y>-1.525343852687305</y></row><row><x>6.50999999999965</x><y>-1.5316460958864748</y></row><row><x>6.519999999999648</x><y>-1.53766995143643</y></row><row><x>6.529999999999646</x><y>-1.5434367792001513</y></row><row><x>6.539999999999647</x><y>-1.5489654742493701</y></row><row><x>6.549999999999649</x><y>-1.5542728347793924</y></row><row><x>6.559999999999647</x><y>-1.5593738635450147</y></row><row><x>6.569999999999645</x><y>-1.5642820167694773</y></row><row><x>6.579999999999647</x><y>-1.5690094111711264</y></row><row><x>6.589999999999648</x><y>-1.5735669973130662</y></row><row><x>6.599999999999646</x><y>-1.5779647056612323</y></row><row><x>6.609999999999644</x><y>-1.582211570364313</y></row><row><x>6.619999999999646</x><y>-1.5863158347241793</y></row><row><x>6.629999999999647</x><y>-1.5902850415228573</y></row><row><x>6.639999999999645</x><y>-1.5941261107499738</y></row><row><x>6.649999999999643</x><y>-1.5978454067885193</y></row><row><x>6.659999999999645</x><y>-1.6014487967343174</y></row><row><x>6.669999999999646</x><y>-1.6049417012212757</y></row><row><x>6.6799999999996444</x><y>-1.6083291388825012</y></row><row><x>6.6899999999996425</x><y>-1.6116157653830099</y></row><row><x>6.699999999999644</x><y>-1.614805907802731</y></row><row><x>6.709999999999646</x><y>-1.6179035950210003</y></row><row><x>6.719999999999644</x><y>-1.6209125846494825</y></row><row><x>6.729999999999642</x><y>-1.6238363869749792</y></row><row><x>6.739999999999643</x><y>-1.626678286303003</y></row><row><x>6.749999999999645</x><y>-1.6294413600345141</y></row><row><x>6.759999999999643</x><y>-1.632128495759589</y></row><row><x>6.769999999999641</x><y>-1.6347424066110516</y></row><row><x>6.779999999999642</x><y>-1.6372856450870188</y></row><row><x>6.789999999999644</x><y>-1.639760615522518</y></row><row><x>6.799999999999642</x><y>-1.6421695853660276</y></row><row><x>6.80999999999964</x><y>-1.6445146953961765</y></row><row><x>6.8199999999996415</x><y>-1.646797968996264</y></row><row><x>6.829999999999643</x><y>-1.6490213205892539</y></row><row><x>6.839999999999641</x><y>-1.6511865633231002</y></row><row><x>6.849999999999639</x><y>-1.6532954160851332</y></row><row><x>6.859999999999641</x><y>-1.6553495099148077</y></row><row><x>6.869999999999642</x><y>-1.6573503938758278</y></row><row><x>6.87999999999964</x><y>-1.659299540441603</y></row><row><x>6.889999999999638</x><y>-1.6611983504417365</y></row><row><x>6.89999999999964</x><y>-1.6630481576119176</y></row><row><x>6.909999999999641</x><y>-1.664850232784842</y></row><row><x>6.919999999999639</x><y>-1.6666057877557054</y></row><row><x>6.929999999999637</x><y>-1.6683159788521913</y></row><row><x>6.939999999999639</x><y>-1.6699819102357059</y></row><row><x>6.9499999999996405</x><y>-1.6716046369578061</y></row><row><x>6.9599999999996385</x><y>-1.6731851677933567</y></row><row><x>6.9699999999996365</x><y>-1.6747244678696986</y></row><row><x>6.979999999999638</x><y>-1.676223461109262</y></row><row><x>6.98999999999964</x><y>-1.6776830325012613</y></row><row><x>6.999999999999638</x><y>-1.6791040302166835</y></row><row><x>7.009999999999636</x><y>-1.6804872675793359</y></row><row><x>7.019999999999637</x><y>-1.681833524904584</y></row><row><x>7.029999999999639</x><y>-1.6831435512162727</y></row><row><x>7.039999999999637</x><y>-1.684418065851396</y></row><row><x>7.049999999999635</x><y>-1.6856577599612135</y></row><row><x>7.059999999999636</x><y>-1.6868632979167009</y></row><row><x>7.069999999999638</x><y>-1.6880353186255612</y></row><row><x>7.079999999999636</x><y>-1.689174436767375</y></row><row><x>7.089999999999634</x><y>-1.6902812439529113</y></row><row><x>7.0999999999996355</x><y>-1.6913563098130913</y></row><row><x>7.109999999999637</x><y>-1.6924001830226596</y></row><row><x>7.119999999999635</x><y>-1.6934133922631758</y></row><row><x>7.129999999999633</x><y>-1.6943964471295705</y></row><row><x>7.139999999999635</x><y>-1.69534983898417</y></row><row><x>7.149999999999636</x><y>-1.6962740417617916</y></row><row><x>7.159999999999634</x><y>-1.69716951272916</y></row><row><x>7.169999999999632</x><y>-1.6980366932017559</y></row><row><x>7.179999999999634</x><y>-1.69887600922086</y></row><row><x>7.189999999999635</x><y>-1.699687872193401</y></row><row><x>7.199999999999633</x><y>-1.7004726794969869</y></row><row><x>7.209999999999631</x><y>-1.701230815052379</y></row><row><x>7.219999999999633</x><y>-1.7019626498653984</y></row><row><x>7.2299999999996345</x><y>-1.7026685425402204</y></row><row><x>7.2399999999996325</x><y>-1.7033488397657928</y></row><row><x>7.2499999999996305</x><y>-1.7040038767770145</y></row><row><x>7.259999999999632</x><y>-1.7046339777922073</y></row><row><x>7.269999999999634</x><y>-1.7052394564282831</y></row><row><x>7.279999999999632</x><y>-1.7058206160949143</y></row><row><x>7.28999999999963</x><y>-1.7063777503689483</y></row><row><x>7.299999999999631</x><y>-1.7069111433501905</y></row><row><x>7.309999999999633</x><y>-1.707421069999617</y></row><row><x>7.319999999999631</x><y>-1.7079077964610268</y></row><row><x>7.329999999999629</x><y>-1.7083715803670159</y></row><row><x>7.33999999999963</x><y>-1.7088126711301994</y></row><row><x>7.349999999999632</x><y>-1.70923131022041</y></row><row><x>7.35999999999963</x><y>-1.7096277314287054</y></row><row><x>7.369999999999628</x><y>-1.7100021611188287</y></row><row><x>7.3799999999996295</x><y>-1.7103548184668196</y></row><row><x>7.389999999999631</x><y>-1.7106859156893695</y></row><row><x>7.399999999999629</x><y>-1.7109956582615269</y></row><row><x>7.409999999999627</x><y>-1.7112842451242614</y></row><row><x>7.419999999999629</x><y>-1.7115518688824403</y></row><row><x>7.42999999999963</x><y>-1.7117987159936467</y></row><row><x>7.439999999999628</x><y>-1.712024966948334</y></row><row><x>7.449999999999626</x><y>-1.7122307964416912</y></row><row><x>7.459999999999628</x><y>-1.7124163735376694</y></row><row><x>7.469999999999629</x><y>-1.7125818618254893</y></row><row><x>7.479999999999627</x><y>-1.712727419569014</y></row><row><x>7.489999999999625</x><y>-1.7128531998493026</y></row><row><x>7.499999999999627</x><y>-1.7129593507006555</y></row><row><x>7.5099999999996285</x><y>-1.713046015240446</y></row><row><x>7.5199999999996265</x><y>-1.7131133317930096</y></row><row><x>7.5299999999996245</x><y>-1.7131614340078418</y></row><row><x>7.539999999999626</x><y>-1.7131904509723672</y></row><row><x>7.549999999999628</x><y>-1.7132005073194936</y></row><row><x>7.559999999999626</x><y>-1.7131917233301603</y></row><row><x>7.569999999999624</x><y>-1.7131642150310946</y></row><row><x>7.579999999999625</x><y>-1.7131180942879831</y></row><row><x>7.589999999999627</x><y>-1.7130534688941954</y></row><row><x>7.599999999999625</x><y>-1.7129704426552697</y></row><row><x>7.609999999999623</x><y>-1.7128691154692912</y></row><row><x>7.619999999999624</x><y>-1.7127495834033464</y></row><row><x>7.629999999999626</x><y>-1.7126119387661471</y></row><row><x>7.639999999999624</x><y>-1.7124562701770134</y></row><row><x>7.649999999999622</x><y>-1.7122826626312746</y></row><row><x>7.6599999999996236</x><y>-1.712091197562281</y></row><row><x>7.669999999999625</x><y>-1.7118819529000604</y></row><row><x>7.679999999999623</x><y>-1.7116550031267874</y></row><row><x>7.689999999999621</x><y>-1.7114104193291027</y></row><row><x>7.699999999999623</x><y>-1.711148269247426</y></row><row><x>7.709999999999624</x><y>-1.7108686173223193</y></row><row><x>7.719999999999622</x><y>-1.7105715247379654</y></row><row><x>7.72999999999962</x><y>-1.7102570494628742</y></row><row><x>7.739999999999622</x><y>-1.7099252462878465</y></row><row><x>7.749999999999623</x><y>-1.7095761668612748</y></row><row><x>7.759999999999621</x><y>-1.7092098597218455</y></row><row><x>7.769999999999619</x><y>-1.7088263703286715</y></row><row><x>7.779999999999621</x><y>-1.7084257410889467</y></row><row><x>7.789999999999623</x><y>-1.7080080113830978</y></row><row><x>7.799999999999621</x><y>-1.7075732175875507</y></row><row><x>7.809999999999619</x><y>-1.7071213930950966</y></row><row><x>7.81999999999962</x><y>-1.7066525683328966</y></row><row><x>7.829999999999622</x><y>-1.7061667707781654</y></row><row><x>7.83999999999962</x><y>-1.7056640249715482</y></row><row><x>7.849999999999618</x><y>-1.7051443525282168</y></row><row><x>7.859999999999619</x><y>-1.7046077721466937</y></row><row><x>7.869999999999621</x><y>-1.7040542996154118</y></row><row><x>7.879999999999619</x><y>-1.7034839478170376</y></row><row><x>7.889999999999617</x><y>-1.7028967267305446</y></row><row><x>7.899999999999618</x><y>-1.7022926434310417</y></row><row><x>7.90999999999962</x><y>-1.701671702087353</y></row><row><x>7.919999999999618</x><y>-1.7010339039573579</y></row><row><x>7.929999999999616</x><y>-1.700379247381046</y></row><row><x>7.939999999999618</x><y>-1.6997077277713144</y></row><row><x>7.949999999999619</x><y>-1.6990193376024545</y></row><row><x>7.959999999999617</x><y>-1.698314066396345</y></row><row><x>7.969999999999615</x><y>-1.6975919007062654</y></row><row><x>7.979999999999617</x><y>-1.6968528240983696</y></row><row><x>7.989999999999618</x><y>-1.696096817130736</y></row><row><x>7.999999999999616</x><y>-1.695323857329982</y></row><row><x>8.009999999999614</x><y>-1.6945339191653799</y></row><row><x>8.019999999999616</x><y>-1.6937269740204512</y></row><row><x>8.029999999999617</x><y>-1.6929029901619597</y></row><row><x>8.039999999999615</x><y>-1.6920619327062894</y></row><row><x>8.049999999999613</x><y>-1.6912037635830866</y></row><row><x>8.059999999999615</x><y>-1.690328441496152</y></row><row><x>8.069999999999617</x><y>-1.6894359218814934</y></row><row><x>8.079999999999615</x><y>-1.6885261568624506</y></row><row><x>8.089999999999613</x><y>-1.6875990952018163</y></row><row><x>8.099999999999614</x><y>-1.6866546822508903</y></row><row><x>8.109999999999616</x><y>-1.6856928598953107</y></row><row><x>8.119999999999614</x><y>-1.6847135664976323</y></row><row><x>8.129999999999612</x><y>-1.683716736836481</y></row><row><x>8.139999999999613</x><y>-1.6827023020422174</y></row><row><x>8.149999999999615</x><y>-1.6816701895289403</y></row><row><x>8.159999999999613</x><y>-1.6806203229227394</y></row><row><x>8.169999999999611</x><y>-1.679552621986021</y></row><row><x>8.179999999999612</x><y>-1.6784670025377815</y></row><row><x>8.189999999999614</x><y>-1.6773633763696647</y></row><row><x>8.199999999999612</x><y>-1.6762416511576097</y></row><row><x>8.20999999999961</x><y>-1.6751017303689417</y></row><row><x>8.219999999999612</x><y>-1.6739435131647</y></row><row><x>8.229999999999613</x><y>-1.6727668942969858</y></row><row><x>8.239999999999611</x><y>-1.6715717640011245</y></row><row><x>8.24999999999961</x><y>-1.6703580078824334</y></row><row><x>8.25999999999961</x><y>-1.6691255067972852</y></row><row><x>8.269999999999612</x><y>-1.6678741367282899</y></row><row><x>8.27999999999961</x><y>-1.6666037686532458</y></row><row><x>8.289999999999608</x><y>-1.6653142684075968</y></row><row><x>8.29999999999961</x><y>-1.6640054965400815</y></row><row><x>8.309999999999611</x><y>-1.6626773081612356</y></row><row><x>8.31999999999961</x><y>-1.6613295527843746</y></row><row><x>8.329999999999607</x><y>-1.6599620741587127</y></row><row><x>8.339999999999609</x><y>-1.658574710094159</y></row><row><x>8.34999999999961</x><y>-1.6571672922774343</y></row><row><x>8.359999999999609</x><y>-1.6557396460789606</y></row><row><x>8.369999999999607</x><y>-1.6542915903501105</y></row><row><x>8.379999999999608</x><y>-1.6528229372102328</y></row><row><x>8.38999999999961</x><y>-1.6513334918229539</y></row><row><x>8.399999999999608</x><y>-1.6498230521610842</y></row><row><x>8.409999999999606</x><y>-1.6482914087595637</y></row><row><x>8.419999999999607</x><y>-1.646738344455712</y></row><row><x>8.429999999999609</x><y>-1.6451636341160834</y></row><row><x>8.439999999999607</x><y>-1.6435670443491273</y></row><row><x>8.449999999999605</x><y>-1.6419483332028049</y></row><row><x>8.459999999999607</x><y>-1.6403072498463145</y></row><row><x>8.469999999999608</x><y>-1.6386435342348926</y></row><row><x>8.479999999999606</x><y>-1.636956916756711</y></row><row><x>8.489999999999604</x><y>-1.635247117860721</y></row><row><x>8.499999999999606</x><y>-1.6335138476643007</y></row><row><x>8.509999999999607</x><y>-1.6317568055393488</y></row><row><x>8.519999999999605</x><y>-1.6299756796755205</y></row><row><x>8.529999999999603</x><y>-1.6281701466190552</y></row><row><x>8.539999999999605</x><y>-1.6263398707856307</y></row><row><x>8.549999999999606</x><y>-1.6244845039455023</y></row><row><x>8.559999999999604</x><y>-1.6226036846790548</y></row><row><x>8.569999999999602</x><y>-1.620697037800732</y></row><row><x>8.579999999999604</x><y>-1.618764173749211</y></row><row><x>8.589999999999606</x><y>-1.6168046879414113</y></row><row><x>8.599999999999604</x><y>-1.614818160087781</y></row><row><x>8.609999999999602</x><y>-1.6128041534661202</y></row><row><x>8.619999999999603</x><y>-1.6107622141508862</y></row><row><x>8.629999999999605</x><y>-1.608691870194741</y></row><row><x>8.639999999999603</x><y>-1.6065926307587566</y></row><row><x>8.6499999999996</x><y>-1.6044639851874096</y></row><row><x>8.659999999999602</x><y>-1.6023054020241525</y></row><row><x>8.669999999999604</x><y>-1.6001163279629458</y></row><row><x>8.679999999999602</x><y>-1.5978961867307127</y></row><row><x>8.6899999999996</x><y>-1.5956443778952205</y></row><row><x>8.699999999999601</x><y>-1.593360275592375</y></row><row><x>8.709999999999603</x><y>-1.5910432271663177</y></row><row><x>8.719999999999601</x><y>-1.5886925517150727</y></row><row><x>8.729999999999599</x><y>-1.586307538533812</y></row><row><x>8.7399999999996</x><y>-1.5838874454469714</y></row><row><x>8.749999999999602</x><y>-1.581431497019566</y></row><row><x>8.7599999999996</x><y>-1.5789388826370845</y></row><row><x>8.769999999999598</x><y>-1.5764087544422063</y></row><row><x>8.7799999999996</x><y>-1.5738402251153385</y></row><row><x>8.789999999999601</x><y>-1.5712323654845874</y></row><row><x>8.7999999999996</x><y>-1.5685842019491618</y></row><row><x>8.809999999999597</x><y>-1.5658947136984867</y></row><row><x>8.819999999999599</x><y>-1.5631628297072173</y></row><row><x>8.8299999999996</x><y>-1.5603874254841532</y></row><row><x>8.839999999999598</x><y>-1.557567319550399</y></row><row><x>8.849999999999596</x><y>-1.554701269619235</y></row><row><x>8.859999999999598</x><y>-1.5517879684468179</y></row><row><x>8.8699999999996</x><y>-1.5488260393189843</y></row><row><x>8.879999999999598</x><y>-1.5458140311351556</y></row><row><x>8.889999999999596</x><y>-1.5427504130452492</y></row><row><x>8.899999999999597</x><y>-1.5396335685898523</y></row><row><x>8.909999999999599</x><y>-1.5364617892872607</y></row><row><x>8.919999999999597</x><y>-1.5332332676033713</y></row><row><x>8.929999999999595</x><y>-1.5299460892315522</y></row><row><x>8.939999999999596</x><y>-1.526598224599394</y></row><row><x>8.949999999999598</x><y>-1.5231875195072848</y></row><row><x>8.959999999999596</x><y>-1.5197116847897294</y></row><row><x>8.969999999999594</x><y>-1.5161682848740696</y></row><row><x>8.979999999999595</x><y>-1.5125547250919635</y></row><row><x>8.989999999999597</x><y>-1.5088682375763283</y></row><row><x>8.999999999999595</x><y>-1.505105865549565</y></row><row><x>9.009999999999593</x><y>-1.5012644457770323</y></row><row><x>9.019999999999595</x><y>-1.4973405889216094</y></row><row><x>9.029999999999596</x><y>-1.4933306574897194</y></row><row><x>9.039999999999594</x><y>-1.4892307410042662</y></row><row><x>9.049999999999592</x><y>-1.485036627973823</y></row><row><x>9.059999999999594</x><y>-1.480743774147066</y></row><row><x>9.069999999999595</x><y>-1.4763472664434742</y></row><row><x>9.079999999999593</x><y>-1.4718417818312246</y></row><row><x>9.089999999999591</x><y>-1.4672215402752533</y></row><row><x>9.099999999999593</x><y>-1.4624802506950598</y></row><row><x>9.109999999999594</x><y>-1.4576110486431335</y></row><row><x>9.119999999999592</x><y>-1.4526064241278196</y></row><row><x>9.12999999999959</x><y>-1.4474581376420295</y></row><row><x>9.139999999999592</x><y>-1.442157121997701</y></row><row><x>9.149999999999594</x><y>-1.4366933669745063</y></row><row><x>9.159999999999592</x><y>-1.431055783026525</y></row><row><x>9.16999999999959</x><y>-1.4252320392936548</y></row><row><x>9.179999999999591</x><y>-1.4192083698523457</y></row><row><x>9.189999999999593</x><y>-1.412969340395915</y></row><row><x>9.19999999999959</x><y>-1.406497565191263</y></row><row><x>9.209999999999589</x><y>-1.399773360973297</y></row><row><x>9.21999999999959</x><y>-1.3927743200541793</y></row><row><x>9.229999999999592</x><y>-1.3854747788074484</y></row><row><x>9.23999999999959</x><y>-1.3778451490251975</y></row><row><x>9.249999999999588</x><y>-1.3698510671802213</y></row><row><x>9.25999999999959</x><y>-1.3614522983606103</y></row><row><x>9.269999999999591</x><y>-1.3526013043527096</y></row><row><x>9.279999999999589</x><y>-1.3432413436655568</y></row><row><x>9.289999999999587</x><y>-1.3333039060518364</y></row><row><x>9.299999999999589</x><y>-1.3227051791268385</y></row><row><x>9.30999999999959</x><y>-1.311341070488596</y></row><row><x>9.319999999999588</x><y>-1.299080009101112</y></row><row><x>9.329999999999586</x><y>-1.2857522125473726</y></row><row><x>9.339999999999588</x><y>-1.2711330960823817</y></row><row><x>9.34999999999959</x><y>-1.2549164851667813</y></row><row><x>9.359999999999587</x><y>-1.2366689889818971</y></row><row><x>9.369999999999585</x><y>-1.2157468640641336</y></row><row><x>9.379999999999587</x><y>-1.1911305960441532</y></row><row><x>9.389999999999588</x><y>-1.1610536457951033</y></row><row><x>9.399999999999586</x><y>-1.1220078782955658</y></row><row><x>9.409999999999584</x><y>-1.0651648476715414</y></row><row><x>9.419999999999586</x><y>-0.9511394743323621</y></row><row><x>9.429999999999588</x><y>-0.9593279202258415</y></row><row><x>9.439999999999586</x><y>-1.0673135610733486</y></row><row><x>9.449999999999584</x><y>-1.122232871143109</y></row><row><x>9.459999999999585</x><y>-1.1599658044851198</y></row><row><x>9.469999999999587</x><y>-1.1889294133944164</y></row><row><x>9.479999999999585</x><y>-1.2125179324203925</y></row><row><x>9.489999999999583</x><y>-1.2324541777713347</y></row><row><x>9.499999999999584</x><y>-1.249737553721757</y></row><row><x>9.509999999999586</x><y>-1.2650014287598799</y></row><row><x>9.519999999999584</x><y>-1.27867340630054</y></row><row><x>9.529999999999582</x><y>-1.2910562505739431</y></row><row><x>9.539999999999583</x><y>-1.3023724580113096</y></row><row><x>9.549999999999585</x><y>-1.3127904990635266</y></row><row><x>9.559999999999583</x><y>-1.3224411086548127</y></row><row><x>9.569999999999581</x><y>-1.33142784486423</y></row><row><x>9.579999999999583</x><y>-1.339834182448083</y></row><row><x>9.589999999999584</x><y>-1.347728425045529</y></row><row><x>9.599999999999582</x><y>-1.355167196315723</y></row><row><x>9.60999999999958</x><y>-1.3621979775716568</y></row><row><x>9.619999999999582</x><y>-1.368860989016347</y></row><row><x>9.629999999999583</x><y>-1.3751906088241406</y></row><row><x>9.639999999999581</x><y>-1.381216460281709</y></row><row><x>9.64999999999958</x><y>-1.3869642562426658</y></row><row><x>9.659999999999581</x><y>-1.3924564633006042</y></row><row><x>9.669999999999582</x><y>-1.3977128300988446</y></row><row><x>9.67999999999958</x><y>-1.4027508119070857</y></row><row><x>9.689999999999579</x><y>-1.4075859150497239</y></row><row><x>9.69999999999958</x><y>-1.4122319787311528</y></row><row><x>9.709999999999582</x><y>-1.416701407471523</y></row><row><x>9.71999999999958</x><y>-1.4210053642168925</y></row><row><x>9.729999999999578</x><y>-1.425153931869171</y></row><row><x>9.73999999999958</x><y>-1.4291562492545309</y></row><row><x>9.74999999999958</x><y>-1.433020626249292</y></row><row><x>9.759999999999579</x><y>-1.4367546417942028</y></row><row><x>9.769999999999577</x><y>-1.4403652277698482</y></row><row><x>9.779999999999578</x><y>-1.4438587411191846</y></row><row><x>9.78999999999958</x><y>-1.4472410261452635</y></row><row><x>9.799999999999578</x><y>-1.4505174685523683</y></row><row><x>9.809999999999576</x><y>-1.453693042513582</y></row><row><x>9.819999999999578</x><y>-1.4567723518207099</y></row><row><x>9.829999999999579</x><y>-1.4597596659900496</y></row><row><x>9.839999999999577</x><y>-1.4626589520504805</y></row><row><x>9.849999999999575</x><y>-1.4654739026207662</y></row><row><x>9.859999999999577</x><y>-1.4682079607856104</y></row><row><x>9.869999999999578</x><y>-1.4708643421999554</y></row><row><x>9.879999999999576</x><y>-1.4734460547851722</y></row><row><x>9.889999999999574</x><y>-1.4759559163261464</y></row><row><x>9.899999999999576</x><y>-1.4783965702329238</y></row><row><x>9.909999999999577</x><y>-1.4807704996926108</y></row><row><x>9.919999999999575</x><y>-1.4830800404054467</y></row><row><x>9.929999999999573</x><y>-1.4853273920721926</y></row><row><x>9.939999999999575</x><y>-1.4875146287773255</y></row><row><x>9.949999999999577</x><y>-1.4896437083933711</y></row><row><x>9.959999999999575</x><y>-1.4917164811153993</y></row><row><x>9.969999999999573</x><y>-1.4937346972207055</y></row><row><x>9.979999999999574</x><y>-1.4957000141368484</y></row><row><x>9.989999999999576</x><y>-1.4976140028908982</y></row></data>